******************************************************************************
                  TI ARM Linker PC v18.1.3                     
******************************************************************************
>> Linked Fri Oct 26 14:55:58 2018

OUTPUT FILE NAME:   <TI_RSLK_controller_interrupts.out>
ENTRY POINT SYMBOL: "_c_int00_noargs"  address: 00000e9d


MEMORY CONFIGURATION

         name            origin    length      used     unused   attr    fill
----------------------  --------  ---------  --------  --------  ----  --------
  MAIN                  00000000   00040000  00000f4a  0003f0b6  R  X
  INFO                  00200000   00004000  00000000  00004000  R  X
  SRAM_CODE             01000000   00010000  00000280  0000fd80  RW X
  SRAM_DATA             20000000   00010000  00000280  0000fd80  RW  


SEGMENT ALLOCATION MAP

run origin  load origin   length   init length attrs members
----------  ----------- ---------- ----------- ----- -------
00000000    00000000    00000f50   00000f50    r-x
  00000000    00000000    000000e4   000000e4    r-- .intvecs
  000000e4    000000e4    00000e26   00000e26    r-x .text
  00000f10    00000f10    00000040   00000040    r-- .cinit
20000000    20000000    00000080   00000000    rw-
  20000000    20000000    00000058   00000000    rw- .data
  20000058    20000058    00000028   00000000    rw- .bss
2000fe00    2000fe00    00000200   00000000    rw-
  2000fe00    2000fe00    00000200   00000000    rw- .stack


SECTION ALLOCATION MAP

 output                                  attributes/
section   page    origin      length       input sections
--------  ----  ----------  ----------   ----------------
.intvecs   0    00000000    000000e4     
                  00000000    000000e4     startup_msp432p401r_ccs.obj (.intvecs:retain)

.text      0    000000e4    00000e26     
                  000000e4    000008c4     main.obj (.text)
                  000009a8    00000334     system_msp432p401r.obj (.text)
                  00000cdc    0000009c     rtsv7M4_T_le_v4SPD16_eabi.lib : memcpy_t2.asm.obj (.text)
                  00000d78    00000068                                   : copy_decompress_lzss.c.obj (.text:decompress:lzss:__TI_decompress_lzss)
                  00000de0    00000044                                   : autoinit.c.obj (.text:__TI_auto_init_nobinit_nopinit:__TI_auto_init_nobinit_nopinit)
                  00000e24    0000003c     main.obj (.text:setLeftPWM)
                  00000e60    0000003c     main.obj (.text:setRightPWM)
                  00000e9c    00000038     rtsv7M4_T_le_v4SPD16_eabi.lib : boot_cortex_m.c.obj (.text:_c_int00_noargs:_c_int00_noargs)
                  00000ed4    00000012                                   : copy_zero_init.c.obj (.text:decompress:ZI:__TI_zero_init_nomemset:__TI_zero_init_nomemset)
                  00000ee6    0000000e                                   : copy_decompress_none.c.obj (.text:decompress:none:__TI_decompress_none)
                  00000ef4    0000000e     startup_msp432p401r_ccs.obj (.text)
                  00000f02    00000004     rtsv7M4_T_le_v4SPD16_eabi.lib : pre_init.c.obj (.text:_system_pre_init)
                  00000f06    00000004                                   : exit.c.obj (.text:abort:abort)

.cinit     0    00000f10    00000040     
                  00000f10    00000018     (.cinit..data.load) [load image, compression = lzss]
                  00000f28    0000000c     (__TI_handler_table)
                  00000f34    00000004     --HOLE-- [fill = 0]
                  00000f38    00000008     (.cinit..bss.load) [load image, compression = zero_init]
                  00000f40    00000010     (__TI_cinit_table)

.init_array 
*          0    00000000    00000000     UNINITIALIZED

.binit     0    00000000    00000000     

.data      0    20000000    00000058     UNINITIALIZED
                  20000000    00000020     main.obj (.data:calibration)
                  20000020    00000020     main.obj (.data:devmax)
                  20000040    00000014     main.obj (.data)
                  20000054    00000004     system_msp432p401r.obj (.data)

.bss       0    20000058    00000028     UNINITIALIZED
                  20000058    00000020     (.common:reflect)
                  20000078    00000004     (.common:PWMleft)
                  2000007c    00000004     (.common:PWMright)

.stack     0    2000fe00    00000200     UNINITIALIZED
                  2000fe00    00000004     rtsv7M4_T_le_v4SPD16_eabi.lib : boot_cortex_m.c.obj (.stack)
                  2000fe04    000001fc     --HOLE--

MODULE SUMMARY

       Module                        code   ro data   rw data
       ------                        ----   -------   -------
    .\
       main.obj                      2364   0         248    
       system_msp432p401r.obj        820    0         8      
       startup_msp432p401r_ccs.obj   14     228       0      
    +--+-----------------------------+------+---------+---------+
       Total:                        3198   228       256    
                                                             
    D:\Programs\ti\ccsv8\tools\compiler\ti-cgt-arm_18.1.3.LTS\lib\rtsv7M4_T_le_v4SPD16_eabi.lib
       memcpy_t2.asm.obj             156    0         0      
       copy_decompress_lzss.c.obj    104    0         0      
       autoinit.c.obj                68     0         0      
       boot_cortex_m.c.obj           56     0         0      
       copy_zero_init.c.obj          18     0         0      
       copy_decompress_none.c.obj    14     0         0      
       exit.c.obj                    4      0         0      
       pre_init.c.obj                4      0         0      
    +--+-----------------------------+------+---------+---------+
       Total:                        424    0         0      
                                                             
       Stack:                        0      0         1024   
       Linker Generated:             0      60        0      
    +--+-----------------------------+------+---------+---------+
       Grand Total:                  3622   288       1280   


LINKER GENERATED COPY TABLES

__TI_cinit_table @ 00000f40 records: 2, size/record: 8, table size: 16
	.data: load addr=00000f10, load size=00000018 bytes, run addr=20000000, run size=00000058 bytes, compression=lzss
	.bss: load addr=00000f38, load size=00000008 bytes, run addr=20000058, run size=00000028 bytes, compression=zero_init


LINKER GENERATED HANDLER TABLE

__TI_handler_table @ 00000f28 records: 3, size/record: 4, table size: 12
	index: 0, handler: __TI_decompress_lzss
	index: 1, handler: __TI_decompress_none
	index: 2, handler: __TI_zero_init


GLOBAL SYMBOLS: SORTED ALPHABETICALLY BY Name 

address   name                          
-------   ----                          
00000f01  ADC14_IRQHandler              
00000f01  AES256_IRQHandler             
00000f01  BusFault_Handler              
00000f07  C$$EXIT                       
00000f01  COMP_E0_IRQHandler            
00000f01  COMP_E1_IRQHandler            
00000f01  CS_IRQHandler                 
00000f01  DMA_ERR_IRQHandler            
00000f01  DMA_INT0_IRQHandler           
00000f01  DMA_INT1_IRQHandler           
00000f01  DMA_INT2_IRQHandler           
00000f01  DMA_INT3_IRQHandler           
00000f01  DebugMon_Handler              
00000f01  Default_Handler               
00000f01  EUSCIA0_IRQHandler            
00000f01  EUSCIA1_IRQHandler            
00000f01  EUSCIA2_IRQHandler            
00000f01  EUSCIA3_IRQHandler            
00000f01  EUSCIB0_IRQHandler            
00000f01  EUSCIB1_IRQHandler            
00000f01  EUSCIB2_IRQHandler            
00000f01  EUSCIB3_IRQHandler            
00000f01  FLCTL_IRQHandler              
00000f01  FPU_IRQHandler                
00000f01  HardFault_Handler             
00000f01  MemManage_Handler             
00000f01  NMI_Handler                   
00000f01  PCM_IRQHandler                
00000f01  PORT1_IRQHandler              
00000f01  PORT2_IRQHandler              
00000f01  PORT3_IRQHandler              
000005e9  PORT4_IRQHandler              
000005e9  PORT4_IRQHandler              
00000f01  PORT5_IRQHandler              
00000f01  PORT6_IRQHandler              
00000f01  PSS_IRQHandler                
20000078  PWMleft                       
20000040  PWMleft0                      
2000007c  PWMright                      
20000044  PWMright0                     
00000f01  PendSV_Handler                
00000f01  RTC_C_IRQHandler              
00000ef5  Reset_Handler                 
00000f01  SVC_Handler                   
00000f01  SysTick_Handler               
20000054  SystemCoreClock               
000009a9  SystemCoreClockUpdate         
00000c21  SystemInit                    
00000f01  T32_INT1_IRQHandler           
00000f01  T32_INT2_IRQHandler           
00000f01  T32_INTC_IRQHandler           
00000f01  TA0_0_IRQHandler              
00000f01  TA0_N_IRQHandler              
00000f01  TA1_0_IRQHandler              
00000f01  TA1_N_IRQHandler              
00000f01  TA2_0_IRQHandler              
00000f01  TA2_N_IRQHandler              
000005c7  TA3_0_IRQHandler              
000005c7  TA3_0_IRQHandler              
000005d9  TA3_N_IRQHandler              
000005d9  TA3_N_IRQHandler              
00000f01  UsageFault_Handler            
4000480c  WDTCTL_SYM                    
00000f01  WDT_A_IRQHandler              
20010000  __STACK_END                   
00000200  __STACK_SIZE                  
00000f40  __TI_CINIT_Base               
00000f50  __TI_CINIT_Limit              
00000f28  __TI_Handler_Table_Base       
00000f34  __TI_Handler_Table_Limit      
00000de1  __TI_auto_init_nobinit_nopinit
00000d79  __TI_decompress_lzss          
00000ee7  __TI_decompress_none          
ffffffff  __TI_pprof_out_hndl           
ffffffff  __TI_prof_data_size           
ffffffff  __TI_prof_data_start          
00000000  __TI_static_base__            
00000ed5  __TI_zero_init_nomemset       
00000cdd  __aeabi_memcpy                
00000cdd  __aeabi_memcpy4               
00000cdd  __aeabi_memcpy8               
ffffffff  __binit__                     
ffffffff  __c_args__                    
UNDEFED   __mpu_init                    
2000fe00  __stack                       
00000e9d  _c_int00_noargs               
UNDEFED   _system_post_cinit            
00000f03  _system_pre_init              
00000f07  abort                         
ffffffff  binit                         
00000459  bump                          
20000000  calibration                   
20000048  ctlstate                      
2000004c  cycles                        
20000020  devmax                        
00000000  interruptVectors              
00000625  main                          
00000cdd  memcpy                        
20000058  reflect                       
00000e25  setLeftPWM                    
00000e61  setRightPWM                   
20000050  thresh                        
0000014d  timing0                       
000003f5  timing1                       


GLOBAL SYMBOLS: SORTED BY Symbol Address 

address   name                          
-------   ----                          
00000000  __TI_static_base__            
00000000  interruptVectors              
0000014d  timing0                       
00000200  __STACK_SIZE                  
000003f5  timing1                       
00000459  bump                          
000005c7  TA3_0_IRQHandler              
000005c7  TA3_0_IRQHandler              
000005d9  TA3_N_IRQHandler              
000005d9  TA3_N_IRQHandler              
000005e9  PORT4_IRQHandler              
000005e9  PORT4_IRQHandler              
00000625  main                          
000009a9  SystemCoreClockUpdate         
00000c21  SystemInit                    
00000cdd  __aeabi_memcpy                
00000cdd  __aeabi_memcpy4               
00000cdd  __aeabi_memcpy8               
00000cdd  memcpy                        
00000d79  __TI_decompress_lzss          
00000de1  __TI_auto_init_nobinit_nopinit
00000e25  setLeftPWM                    
00000e61  setRightPWM                   
00000e9d  _c_int00_noargs               
00000ed5  __TI_zero_init_nomemset       
00000ee7  __TI_decompress_none          
00000ef5  Reset_Handler                 
00000f01  ADC14_IRQHandler              
00000f01  AES256_IRQHandler             
00000f01  BusFault_Handler              
00000f01  COMP_E0_IRQHandler            
00000f01  COMP_E1_IRQHandler            
00000f01  CS_IRQHandler                 
00000f01  DMA_ERR_IRQHandler            
00000f01  DMA_INT0_IRQHandler           
00000f01  DMA_INT1_IRQHandler           
00000f01  DMA_INT2_IRQHandler           
00000f01  DMA_INT3_IRQHandler           
00000f01  DebugMon_Handler              
00000f01  Default_Handler               
00000f01  EUSCIA0_IRQHandler            
00000f01  EUSCIA1_IRQHandler            
00000f01  EUSCIA2_IRQHandler            
00000f01  EUSCIA3_IRQHandler            
00000f01  EUSCIB0_IRQHandler            
00000f01  EUSCIB1_IRQHandler            
00000f01  EUSCIB2_IRQHandler            
00000f01  EUSCIB3_IRQHandler            
00000f01  FLCTL_IRQHandler              
00000f01  FPU_IRQHandler                
00000f01  HardFault_Handler             
00000f01  MemManage_Handler             
00000f01  NMI_Handler                   
00000f01  PCM_IRQHandler                
00000f01  PORT1_IRQHandler              
00000f01  PORT2_IRQHandler              
00000f01  PORT3_IRQHandler              
00000f01  PORT5_IRQHandler              
00000f01  PORT6_IRQHandler              
00000f01  PSS_IRQHandler                
00000f01  PendSV_Handler                
00000f01  RTC_C_IRQHandler              
00000f01  SVC_Handler                   
00000f01  SysTick_Handler               
00000f01  T32_INT1_IRQHandler           
00000f01  T32_INT2_IRQHandler           
00000f01  T32_INTC_IRQHandler           
00000f01  TA0_0_IRQHandler              
00000f01  TA0_N_IRQHandler              
00000f01  TA1_0_IRQHandler              
00000f01  TA1_N_IRQHandler              
00000f01  TA2_0_IRQHandler              
00000f01  TA2_N_IRQHandler              
00000f01  UsageFault_Handler            
00000f01  WDT_A_IRQHandler              
00000f03  _system_pre_init              
00000f07  C$$EXIT                       
00000f07  abort                         
00000f28  __TI_Handler_Table_Base       
00000f34  __TI_Handler_Table_Limit      
00000f40  __TI_CINIT_Base               
00000f50  __TI_CINIT_Limit              
20000000  calibration                   
20000020  devmax                        
20000040  PWMleft0                      
20000044  PWMright0                     
20000048  ctlstate                      
2000004c  cycles                        
20000050  thresh                        
20000054  SystemCoreClock               
20000058  reflect                       
20000078  PWMleft                       
2000007c  PWMright                      
2000fe00  __stack                       
20010000  __STACK_END                   
4000480c  WDTCTL_SYM                    
ffffffff  __TI_pprof_out_hndl           
ffffffff  __TI_prof_data_size           
ffffffff  __TI_prof_data_start          
ffffffff  __binit__                     
ffffffff  __c_args__                    
ffffffff  binit                         
UNDEFED   __mpu_init                    
UNDEFED   _system_post_cinit            

[104 symbols]
