******************************************************************************
                  TI ARM Linker PC v18.1.3                     
******************************************************************************
>> Linked Wed Oct 17 13:12:17 2018

OUTPUT FILE NAME:   <TI_RSLK_controller_interrupts.out>
ENTRY POINT SYMBOL: "_c_int00_noargs"  address: 000007ad


MEMORY CONFIGURATION

         name            origin    length      used     unused   attr    fill
----------------------  --------  ---------  --------  --------  ----  --------
  MAIN                  00000000   00040000  00000820  0003f7e0  R  X
  INFO                  00200000   00004000  00000000  00004000  R  X
  SRAM_CODE             01000000   00010000  00000204  0000fdfc  RW X
  SRAM_DATA             20000000   00010000  00000204  0000fdfc  RW  


SEGMENT ALLOCATION MAP

run origin  load origin   length   init length attrs members
----------  ----------- ---------- ----------- ----- -------
00000000    00000000    00000820   00000820    r-x
  00000000    00000000    000000e4   000000e4    r-- .intvecs
  000000e4    000000e4    00000724   00000724    r-x .text
  00000808    00000808    00000018   00000018    r-- .cinit
20000000    20000000    00000004   00000000    rw-
  20000000    20000000    00000004   00000000    rw- .data
2000fe00    2000fe00    00000200   00000000    rw-
  2000fe00    2000fe00    00000200   00000000    rw- .stack


SECTION ALLOCATION MAP

 output                                  attributes/
section   page    origin      length       input sections
--------  ----  ----------  ----------   ----------------
.intvecs   0    00000000    000000e4     
                  00000000    000000e4     startup_msp432p401r_ccs.obj (.intvecs:retain)

.text      0    000000e4    00000724     
                  000000e4    00000334     system_msp432p401r.obj (.text)
                  00000418    0000024c     main.obj (.text)
                  00000664    0000009c     rtsv7M4_T_le_v4SPD16_eabi.lib : memcpy_t2.asm.obj (.text)
                  00000700    00000068                                   : copy_decompress_lzss.c.obj (.text:decompress:lzss:__TI_decompress_lzss)
                  00000768    00000044                                   : autoinit.c.obj (.text:__TI_auto_init_nobinit_nopinit:__TI_auto_init_nobinit_nopinit)
                  000007ac    00000038                                   : boot_cortex_m.c.obj (.text:_c_int00_noargs:_c_int00_noargs)
                  000007e4    0000000e                                   : copy_decompress_none.c.obj (.text:decompress:none:__TI_decompress_none)
                  000007f2    0000000e     startup_msp432p401r_ccs.obj (.text)
                  00000800    00000004     rtsv7M4_T_le_v4SPD16_eabi.lib : pre_init.c.obj (.text:_system_pre_init)
                  00000804    00000004                                   : exit.c.obj (.text:abort:abort)

.cinit     0    00000808    00000018     
                  00000808    00000008     (.cinit..data.load) [load image, compression = lzss]
                  00000810    00000008     (__TI_handler_table)
                  00000818    00000008     (__TI_cinit_table)

.init_array 
*          0    00000000    00000000     UNINITIALIZED

.binit     0    00000000    00000000     

.data      0    20000000    00000004     UNINITIALIZED
                  20000000    00000004     system_msp432p401r.obj (.data)

.stack     0    2000fe00    00000200     UNINITIALIZED
                  2000fe00    00000004     rtsv7M4_T_le_v4SPD16_eabi.lib : boot_cortex_m.c.obj (.stack)
                  2000fe04    000001fc     --HOLE--

MODULE SUMMARY

       Module                        code   ro data   rw data
       ------                        ----   -------   -------
    .\
       system_msp432p401r.obj        820    0         8      
       main.obj                      588    0         0      
       startup_msp432p401r_ccs.obj   14     228       0      
    +--+-----------------------------+------+---------+---------+
       Total:                        1422   228       8      
                                                             
    D:\Programs\ti\ccsv8\tools\compiler\ti-cgt-arm_18.1.3.LTS\lib\rtsv7M4_T_le_v4SPD16_eabi.lib
       memcpy_t2.asm.obj             156    0         0      
       copy_decompress_lzss.c.obj    104    0         0      
       autoinit.c.obj                68     0         0      
       boot_cortex_m.c.obj           56     0         0      
       copy_decompress_none.c.obj    14     0         0      
       exit.c.obj                    4      0         0      
       pre_init.c.obj                4      0         0      
    +--+-----------------------------+------+---------+---------+
       Total:                        406    0         0      
                                                             
       Stack:                        0      0         1024   
       Linker Generated:             0      24        0      
    +--+-----------------------------+------+---------+---------+
       Grand Total:                  1828   252       1032   


LINKER GENERATED COPY TABLES

__TI_cinit_table @ 00000818 records: 1, size/record: 8, table size: 8
	.data: load addr=00000808, load size=00000008 bytes, run addr=20000000, run size=00000004 bytes, compression=lzss


LINKER GENERATED HANDLER TABLE

__TI_handler_table @ 00000810 records: 2, size/record: 4, table size: 8
	index: 0, handler: __TI_decompress_lzss
	index: 1, handler: __TI_decompress_none


GLOBAL SYMBOLS: SORTED ALPHABETICALLY BY Name 

address   name                          
-------   ----                          
000007ff  ADC14_IRQHandler              
000007ff  AES256_IRQHandler             
000007ff  BusFault_Handler              
00000805  C$$EXIT                       
000007ff  COMP_E0_IRQHandler            
000007ff  COMP_E1_IRQHandler            
000007ff  CS_IRQHandler                 
000007ff  DMA_ERR_IRQHandler            
000007ff  DMA_INT0_IRQHandler           
000007ff  DMA_INT1_IRQHandler           
000007ff  DMA_INT2_IRQHandler           
000007ff  DMA_INT3_IRQHandler           
000007ff  DebugMon_Handler              
000007ff  Default_Handler               
000007ff  EUSCIA0_IRQHandler            
000007ff  EUSCIA1_IRQHandler            
000007ff  EUSCIA2_IRQHandler            
000007ff  EUSCIA3_IRQHandler            
000007ff  EUSCIB0_IRQHandler            
000007ff  EUSCIB1_IRQHandler            
000007ff  EUSCIB2_IRQHandler            
000007ff  EUSCIB3_IRQHandler            
000007ff  FLCTL_IRQHandler              
000007ff  FPU_IRQHandler                
000007ff  HardFault_Handler             
000007ff  MemManage_Handler             
000007ff  NMI_Handler                   
000007ff  PCM_IRQHandler                
000007ff  PORT1_IRQHandler              
000007ff  PORT2_IRQHandler              
000007ff  PORT3_IRQHandler              
00000469  PORT4_IRQHandler              
00000469  PORT4_IRQHandler              
000007ff  PORT5_IRQHandler              
000007ff  PORT6_IRQHandler              
000007ff  PSS_IRQHandler                
000007ff  PendSV_Handler                
000007ff  RTC_C_IRQHandler              
000007f3  Reset_Handler                 
000007ff  SVC_Handler                   
000007ff  SysTick_Handler               
20000000  SystemCoreClock               
000000e5  SystemCoreClockUpdate         
0000035d  SystemInit                    
000007ff  T32_INT1_IRQHandler           
000007ff  T32_INT2_IRQHandler           
000007ff  T32_INTC_IRQHandler           
000007ff  TA0_0_IRQHandler              
000007ff  TA0_N_IRQHandler              
000007ff  TA1_0_IRQHandler              
000007ff  TA1_N_IRQHandler              
000007ff  TA2_0_IRQHandler              
000007ff  TA2_N_IRQHandler              
00000449  TA3_0_IRQHandler              
00000449  TA3_0_IRQHandler              
0000044b  TA3_N_IRQHandler              
0000044b  TA3_N_IRQHandler              
000007ff  UsageFault_Handler            
4000480c  WDTCTL_SYM                    
000007ff  WDT_A_IRQHandler              
20010000  __STACK_END                   
00000200  __STACK_SIZE                  
00000818  __TI_CINIT_Base               
00000820  __TI_CINIT_Limit              
00000810  __TI_Handler_Table_Base       
00000818  __TI_Handler_Table_Limit      
00000769  __TI_auto_init_nobinit_nopinit
00000701  __TI_decompress_lzss          
000007e5  __TI_decompress_none          
ffffffff  __TI_pprof_out_hndl           
ffffffff  __TI_prof_data_size           
ffffffff  __TI_prof_data_start          
00000000  __TI_static_base__            
00000665  __aeabi_memcpy                
00000665  __aeabi_memcpy4               
00000665  __aeabi_memcpy8               
ffffffff  __binit__                     
ffffffff  __c_args__                    
UNDEFED   __mpu_init                    
2000fe00  __stack                       
000007ad  _c_int00_noargs               
UNDEFED   _system_post_cinit            
00000801  _system_pre_init              
00000805  abort                         
ffffffff  binit                         
00000447  bump                          
00000000  interruptVectors              
0000046b  main                          
00000665  memcpy                        
00000445  timing1                       


GLOBAL SYMBOLS: SORTED BY Symbol Address 

address   name                          
-------   ----                          
00000000  __TI_static_base__            
00000000  interruptVectors              
000000e5  SystemCoreClockUpdate         
00000200  __STACK_SIZE                  
0000035d  SystemInit                    
00000445  timing1                       
00000447  bump                          
00000449  TA3_0_IRQHandler              
00000449  TA3_0_IRQHandler              
0000044b  TA3_N_IRQHandler              
0000044b  TA3_N_IRQHandler              
00000469  PORT4_IRQHandler              
00000469  PORT4_IRQHandler              
0000046b  main                          
00000665  __aeabi_memcpy                
00000665  __aeabi_memcpy4               
00000665  __aeabi_memcpy8               
00000665  memcpy                        
00000701  __TI_decompress_lzss          
00000769  __TI_auto_init_nobinit_nopinit
000007ad  _c_int00_noargs               
000007e5  __TI_decompress_none          
000007f3  Reset_Handler                 
000007ff  ADC14_IRQHandler              
000007ff  AES256_IRQHandler             
000007ff  BusFault_Handler              
000007ff  COMP_E0_IRQHandler            
000007ff  COMP_E1_IRQHandler            
000007ff  CS_IRQHandler                 
000007ff  DMA_ERR_IRQHandler            
000007ff  DMA_INT0_IRQHandler           
000007ff  DMA_INT1_IRQHandler           
000007ff  DMA_INT2_IRQHandler           
000007ff  DMA_INT3_IRQHandler           
000007ff  DebugMon_Handler              
000007ff  Default_Handler               
000007ff  EUSCIA0_IRQHandler            
000007ff  EUSCIA1_IRQHandler            
000007ff  EUSCIA2_IRQHandler            
000007ff  EUSCIA3_IRQHandler            
000007ff  EUSCIB0_IRQHandler            
000007ff  EUSCIB1_IRQHandler            
000007ff  EUSCIB2_IRQHandler            
000007ff  EUSCIB3_IRQHandler            
000007ff  FLCTL_IRQHandler              
000007ff  FPU_IRQHandler                
000007ff  HardFault_Handler             
000007ff  MemManage_Handler             
000007ff  NMI_Handler                   
000007ff  PCM_IRQHandler                
000007ff  PORT1_IRQHandler              
000007ff  PORT2_IRQHandler              
000007ff  PORT3_IRQHandler              
000007ff  PORT5_IRQHandler              
000007ff  PORT6_IRQHandler              
000007ff  PSS_IRQHandler                
000007ff  PendSV_Handler                
000007ff  RTC_C_IRQHandler              
000007ff  SVC_Handler                   
000007ff  SysTick_Handler               
000007ff  T32_INT1_IRQHandler           
000007ff  T32_INT2_IRQHandler           
000007ff  T32_INTC_IRQHandler           
000007ff  TA0_0_IRQHandler              
000007ff  TA0_N_IRQHandler              
000007ff  TA1_0_IRQHandler              
000007ff  TA1_N_IRQHandler              
000007ff  TA2_0_IRQHandler              
000007ff  TA2_N_IRQHandler              
000007ff  UsageFault_Handler            
000007ff  WDT_A_IRQHandler              
00000801  _system_pre_init              
00000805  C$$EXIT                       
00000805  abort                         
00000810  __TI_Handler_Table_Base       
00000818  __TI_CINIT_Base               
00000818  __TI_Handler_Table_Limit      
00000820  __TI_CINIT_Limit              
20000000  SystemCoreClock               
2000fe00  __stack                       
20010000  __STACK_END                   
4000480c  WDTCTL_SYM                    
ffffffff  __TI_pprof_out_hndl           
ffffffff  __TI_prof_data_size           
ffffffff  __TI_prof_data_start          
ffffffff  __binit__                     
ffffffff  __c_args__                    
ffffffff  binit                         
UNDEFED   __mpu_init                    
UNDEFED   _system_post_cinit            

[90 symbols]
