******************************************************************************
                  TI ARM Linker PC v18.1.3                     
******************************************************************************
>> Linked Thu Oct 18 08:41:43 2018

OUTPUT FILE NAME:   <TI_RSLK_controller_interrupts.out>
ENTRY POINT SYMBOL: "_c_int00_noargs"  address: 00000965


MEMORY CONFIGURATION

         name            origin    length      used     unused   attr    fill
----------------------  --------  ---------  --------  --------  ----  --------
  MAIN                  00000000   00040000  00000a0a  0003f5f6  R  X
  INFO                  00200000   00004000  00000000  00004000  R  X
  SRAM_CODE             01000000   00010000  00000230  0000fdd0  RW X
  SRAM_DATA             20000000   00010000  00000230  0000fdd0  RW  


SEGMENT ALLOCATION MAP

run origin  load origin   length   init length attrs members
----------  ----------- ---------- ----------- ----- -------
00000000    00000000    00000a10   00000a10    r-x
  00000000    00000000    000000e4   000000e4    r-- .intvecs
  000000e4    000000e4    000008ee   000008ee    r-x .text
  000009d8    000009d8    00000038   00000038    r-- .cinit
20000000    20000000    00000030   00000000    rw-
  20000000    20000000    00000020   00000000    rw- .bss
  20000020    20000020    00000010   00000000    rw- .data
2000fe00    2000fe00    00000200   00000000    rw-
  2000fe00    2000fe00    00000200   00000000    rw- .stack


SECTION ALLOCATION MAP

 output                                  attributes/
section   page    origin      length       input sections
--------  ----  ----------  ----------   ----------------
.intvecs   0    00000000    000000e4     
                  00000000    000000e4     startup_msp432p401r_ccs.obj (.intvecs:retain)

.text      0    000000e4    000008ee     
                  000000e4    00000404     main.obj (.text)
                  000004e8    00000334     system_msp432p401r.obj (.text)
                  0000081c    0000009c     rtsv7M4_T_le_v4SPD16_eabi.lib : memcpy_t2.asm.obj (.text)
                  000008b8    00000068                                   : copy_decompress_lzss.c.obj (.text:decompress:lzss:__TI_decompress_lzss)
                  00000920    00000044                                   : autoinit.c.obj (.text:__TI_auto_init_nobinit_nopinit:__TI_auto_init_nobinit_nopinit)
                  00000964    00000038                                   : boot_cortex_m.c.obj (.text:_c_int00_noargs:_c_int00_noargs)
                  0000099c    00000012                                   : copy_zero_init.c.obj (.text:decompress:ZI:__TI_zero_init_nomemset:__TI_zero_init_nomemset)
                  000009ae    0000000e                                   : copy_decompress_none.c.obj (.text:decompress:none:__TI_decompress_none)
                  000009bc    0000000e     startup_msp432p401r_ccs.obj (.text)
                  000009ca    00000004     rtsv7M4_T_le_v4SPD16_eabi.lib : pre_init.c.obj (.text:_system_pre_init)
                  000009ce    00000004                                   : exit.c.obj (.text:abort:abort)

.cinit     0    000009d8    00000038     
                  000009d8    00000013     (.cinit..data.load) [load image, compression = lzss]
                  000009eb    00000001     --HOLE-- [fill = 0]
                  000009ec    0000000c     (__TI_handler_table)
                  000009f8    00000008     (.cinit..bss.load) [load image, compression = zero_init]
                  00000a00    00000010     (__TI_cinit_table)

.init_array 
*          0    00000000    00000000     UNINITIALIZED

.binit     0    00000000    00000000     

.bss       0    20000000    00000020     UNINITIALIZED
                  20000000    00000020     (.common:reflect)

.data      0    20000020    00000010     UNINITIALIZED
                  20000020    0000000c     main.obj (.data)
                  2000002c    00000004     system_msp432p401r.obj (.data)

.stack     0    2000fe00    00000200     UNINITIALIZED
                  2000fe00    00000004     rtsv7M4_T_le_v4SPD16_eabi.lib : boot_cortex_m.c.obj (.stack)
                  2000fe04    000001fc     --HOLE--

MODULE SUMMARY

       Module                        code   ro data   rw data
       ------                        ----   -------   -------
    .\
       main.obj                      1028   0         88     
       system_msp432p401r.obj        820    0         8      
       startup_msp432p401r_ccs.obj   14     228       0      
    +--+-----------------------------+------+---------+---------+
       Total:                        1862   228       96     
                                                             
    D:\Programs\ti\ccsv8\tools\compiler\ti-cgt-arm_18.1.3.LTS\lib\rtsv7M4_T_le_v4SPD16_eabi.lib
       memcpy_t2.asm.obj             156    0         0      
       copy_decompress_lzss.c.obj    104    0         0      
       autoinit.c.obj                68     0         0      
       boot_cortex_m.c.obj           56     0         0      
       copy_zero_init.c.obj          18     0         0      
       copy_decompress_none.c.obj    14     0         0      
       exit.c.obj                    4      0         0      
       pre_init.c.obj                4      0         0      
    +--+-----------------------------+------+---------+---------+
       Total:                        424    0         0      
                                                             
       Stack:                        0      0         1024   
       Linker Generated:             0      55        0      
    +--+-----------------------------+------+---------+---------+
       Grand Total:                  2286   283       1120   


LINKER GENERATED COPY TABLES

__TI_cinit_table @ 00000a00 records: 2, size/record: 8, table size: 16
	.data: load addr=000009d8, load size=00000013 bytes, run addr=20000020, run size=00000010 bytes, compression=lzss
	.bss: load addr=000009f8, load size=00000008 bytes, run addr=20000000, run size=00000020 bytes, compression=zero_init


LINKER GENERATED HANDLER TABLE

__TI_handler_table @ 000009ec records: 3, size/record: 4, table size: 12
	index: 0, handler: __TI_decompress_lzss
	index: 1, handler: __TI_decompress_none
	index: 2, handler: __TI_zero_init


GLOBAL SYMBOLS: SORTED ALPHABETICALLY BY Name 

address   name                          
-------   ----                          
000009c9  ADC14_IRQHandler              
000009c9  AES256_IRQHandler             
000009c9  BusFault_Handler              
000009cf  C$$EXIT                       
000009c9  COMP_E0_IRQHandler            
000009c9  COMP_E1_IRQHandler            
000009c9  CS_IRQHandler                 
000009c9  DMA_ERR_IRQHandler            
000009c9  DMA_INT0_IRQHandler           
000009c9  DMA_INT1_IRQHandler           
000009c9  DMA_INT2_IRQHandler           
000009c9  DMA_INT3_IRQHandler           
000009c9  DebugMon_Handler              
000009c9  Default_Handler               
000009c9  EUSCIA0_IRQHandler            
000009c9  EUSCIA1_IRQHandler            
000009c9  EUSCIA2_IRQHandler            
000009c9  EUSCIA3_IRQHandler            
000009c9  EUSCIB0_IRQHandler            
000009c9  EUSCIB1_IRQHandler            
000009c9  EUSCIB2_IRQHandler            
000009c9  EUSCIB3_IRQHandler            
000009c9  FLCTL_IRQHandler              
000009c9  FPU_IRQHandler                
000009c9  HardFault_Handler             
000009c9  MemManage_Handler             
000009c9  NMI_Handler                   
000009c9  PCM_IRQHandler                
000009c9  PORT1_IRQHandler              
000009c9  PORT2_IRQHandler              
000009c9  PORT3_IRQHandler              
0000022d  PORT4_IRQHandler              
0000022d  PORT4_IRQHandler              
000009c9  PORT5_IRQHandler              
000009c9  PORT6_IRQHandler              
000009c9  PSS_IRQHandler                
000009c9  PendSV_Handler                
000009c9  RTC_C_IRQHandler              
000009bd  Reset_Handler                 
000009c9  SVC_Handler                   
000009c9  SysTick_Handler               
2000002c  SystemCoreClock               
000004e9  SystemCoreClockUpdate         
00000761  SystemInit                    
000009c9  T32_INT1_IRQHandler           
000009c9  T32_INT2_IRQHandler           
000009c9  T32_INTC_IRQHandler           
000009c9  TA0_0_IRQHandler              
000009c9  TA0_N_IRQHandler              
000009c9  TA1_0_IRQHandler              
000009c9  TA1_N_IRQHandler              
000009c9  TA2_0_IRQHandler              
000009c9  TA2_N_IRQHandler              
0000020b  TA3_0_IRQHandler              
0000020b  TA3_0_IRQHandler              
0000021d  TA3_N_IRQHandler              
0000021d  TA3_N_IRQHandler              
000009c9  UsageFault_Handler            
4000480c  WDTCTL_SYM                    
000009c9  WDT_A_IRQHandler              
20010000  __STACK_END                   
00000200  __STACK_SIZE                  
00000a00  __TI_CINIT_Base               
00000a10  __TI_CINIT_Limit              
000009ec  __TI_Handler_Table_Base       
000009f8  __TI_Handler_Table_Limit      
00000921  __TI_auto_init_nobinit_nopinit
000008b9  __TI_decompress_lzss          
000009af  __TI_decompress_none          
ffffffff  __TI_pprof_out_hndl           
ffffffff  __TI_prof_data_size           
ffffffff  __TI_prof_data_start          
00000000  __TI_static_base__            
0000099d  __TI_zero_init_nomemset       
0000081d  __aeabi_memcpy                
0000081d  __aeabi_memcpy4               
0000081d  __aeabi_memcpy8               
ffffffff  __binit__                     
ffffffff  __c_args__                    
UNDEFED   __mpu_init                    
2000fe00  __stack                       
00000965  _c_int00_noargs               
UNDEFED   _system_post_cinit            
000009cb  _system_pre_init              
000009cf  abort                         
ffffffff  binit                         
000001cf  bump                          
00000000  interruptVectors              
00000235  main                          
0000081d  memcpy                        
20000000  reflect                       
20000020  systick_control_reg           
20000028  systick_current_value_reg     
20000024  systick_reload_value_reg      
00000111  timing0                       
00000195  timing1                       


GLOBAL SYMBOLS: SORTED BY Symbol Address 

address   name                          
-------   ----                          
00000000  __TI_static_base__            
00000000  interruptVectors              
00000111  timing0                       
00000195  timing1                       
000001cf  bump                          
00000200  __STACK_SIZE                  
0000020b  TA3_0_IRQHandler              
0000020b  TA3_0_IRQHandler              
0000021d  TA3_N_IRQHandler              
0000021d  TA3_N_IRQHandler              
0000022d  PORT4_IRQHandler              
0000022d  PORT4_IRQHandler              
00000235  main                          
000004e9  SystemCoreClockUpdate         
00000761  SystemInit                    
0000081d  __aeabi_memcpy                
0000081d  __aeabi_memcpy4               
0000081d  __aeabi_memcpy8               
0000081d  memcpy                        
000008b9  __TI_decompress_lzss          
00000921  __TI_auto_init_nobinit_nopinit
00000965  _c_int00_noargs               
0000099d  __TI_zero_init_nomemset       
000009af  __TI_decompress_none          
000009bd  Reset_Handler                 
000009c9  ADC14_IRQHandler              
000009c9  AES256_IRQHandler             
000009c9  BusFault_Handler              
000009c9  COMP_E0_IRQHandler            
000009c9  COMP_E1_IRQHandler            
000009c9  CS_IRQHandler                 
000009c9  DMA_ERR_IRQHandler            
000009c9  DMA_INT0_IRQHandler           
000009c9  DMA_INT1_IRQHandler           
000009c9  DMA_INT2_IRQHandler           
000009c9  DMA_INT3_IRQHandler           
000009c9  DebugMon_Handler              
000009c9  Default_Handler               
000009c9  EUSCIA0_IRQHandler            
000009c9  EUSCIA1_IRQHandler            
000009c9  EUSCIA2_IRQHandler            
000009c9  EUSCIA3_IRQHandler            
000009c9  EUSCIB0_IRQHandler            
000009c9  EUSCIB1_IRQHandler            
000009c9  EUSCIB2_IRQHandler            
000009c9  EUSCIB3_IRQHandler            
000009c9  FLCTL_IRQHandler              
000009c9  FPU_IRQHandler                
000009c9  HardFault_Handler             
000009c9  MemManage_Handler             
000009c9  NMI_Handler                   
000009c9  PCM_IRQHandler                
000009c9  PORT1_IRQHandler              
000009c9  PORT2_IRQHandler              
000009c9  PORT3_IRQHandler              
000009c9  PORT5_IRQHandler              
000009c9  PORT6_IRQHandler              
000009c9  PSS_IRQHandler                
000009c9  PendSV_Handler                
000009c9  RTC_C_IRQHandler              
000009c9  SVC_Handler                   
000009c9  SysTick_Handler               
000009c9  T32_INT1_IRQHandler           
000009c9  T32_INT2_IRQHandler           
000009c9  T32_INTC_IRQHandler           
000009c9  TA0_0_IRQHandler              
000009c9  TA0_N_IRQHandler              
000009c9  TA1_0_IRQHandler              
000009c9  TA1_N_IRQHandler              
000009c9  TA2_0_IRQHandler              
000009c9  TA2_N_IRQHandler              
000009c9  UsageFault_Handler            
000009c9  WDT_A_IRQHandler              
000009cb  _system_pre_init              
000009cf  C$$EXIT                       
000009cf  abort                         
000009ec  __TI_Handler_Table_Base       
000009f8  __TI_Handler_Table_Limit      
00000a00  __TI_CINIT_Base               
00000a10  __TI_CINIT_Limit              
20000000  reflect                       
20000020  systick_control_reg           
20000024  systick_reload_value_reg      
20000028  systick_current_value_reg     
2000002c  SystemCoreClock               
2000fe00  __stack                       
20010000  __STACK_END                   
4000480c  WDTCTL_SYM                    
ffffffff  __TI_pprof_out_hndl           
ffffffff  __TI_prof_data_size           
ffffffff  __TI_prof_data_start          
ffffffff  __binit__                     
ffffffff  __c_args__                    
ffffffff  binit                         
UNDEFED   __mpu_init                    
UNDEFED   _system_post_cinit            

[96 symbols]
