******************************************************************************
                  TI ARM Linker PC v18.1.3                     
******************************************************************************
>> Linked Thu Oct 18 21:47:51 2018

OUTPUT FILE NAME:   <TI_RSLK_controller_interrupts.out>
ENTRY POINT SYMBOL: "_c_int00_noargs"  address: 00000b01


MEMORY CONFIGURATION

         name            origin    length      used     unused   attr    fill
----------------------  --------  ---------  --------  --------  ----  --------
  MAIN                  00000000   00040000  00000bae  0003f452  R  X
  INFO                  00200000   00004000  00000000  00004000  R  X
  SRAM_CODE             01000000   00010000  000002a4  0000fd5c  RW X
  SRAM_DATA             20000000   00010000  000002a4  0000fd5c  RW  


SEGMENT ALLOCATION MAP

run origin  load origin   length   init length attrs members
----------  ----------- ---------- ----------- ----- -------
00000000    00000000    00000bb0   00000bb0    r-x
  00000000    00000000    000000e4   000000e4    r-- .intvecs
  000000e4    000000e4    00000a8a   00000a8a    r-x .text
  00000b70    00000b70    00000040   00000040    r-- .cinit
20000000    20000000    000000a4   00000000    rw-
  20000000    20000000    00000078   00000000    rw- .data
  20000078    20000078    0000002c   00000000    rw- .bss
2000fe00    2000fe00    00000200   00000000    rw-
  2000fe00    2000fe00    00000200   00000000    rw- .stack


SECTION ALLOCATION MAP

 output                                  attributes/
section   page    origin      length       input sections
--------  ----  ----------  ----------   ----------------
.intvecs   0    00000000    000000e4     
                  00000000    000000e4     startup_msp432p401r_ccs.obj (.intvecs:retain)

.text      0    000000e4    00000a8a     
                  000000e4    000005a0     main.obj (.text)
                  00000684    00000334     system_msp432p401r.obj (.text)
                  000009b8    0000009c     rtsv7M4_T_le_v4SPD16_eabi.lib : memcpy_t2.asm.obj (.text)
                  00000a54    00000068                                   : copy_decompress_lzss.c.obj (.text:decompress:lzss:__TI_decompress_lzss)
                  00000abc    00000044                                   : autoinit.c.obj (.text:__TI_auto_init_nobinit_nopinit:__TI_auto_init_nobinit_nopinit)
                  00000b00    00000038                                   : boot_cortex_m.c.obj (.text:_c_int00_noargs:_c_int00_noargs)
                  00000b38    00000012                                   : copy_zero_init.c.obj (.text:decompress:ZI:__TI_zero_init_nomemset:__TI_zero_init_nomemset)
                  00000b4a    0000000e                                   : copy_decompress_none.c.obj (.text:decompress:none:__TI_decompress_none)
                  00000b58    0000000e     startup_msp432p401r_ccs.obj (.text)
                  00000b66    00000004     rtsv7M4_T_le_v4SPD16_eabi.lib : pre_init.c.obj (.text:_system_pre_init)
                  00000b6a    00000004                                   : exit.c.obj (.text:abort:abort)

.cinit     0    00000b70    00000040     
                  00000b70    00000019     (.cinit..data.load) [load image, compression = lzss]
                  00000b89    00000003     --HOLE-- [fill = 0]
                  00000b8c    0000000c     (__TI_handler_table)
                  00000b98    00000008     (.cinit..bss.load) [load image, compression = zero_init]
                  00000ba0    00000010     (__TI_cinit_table)

.init_array 
*          0    00000000    00000000     UNINITIALIZED

.binit     0    00000000    00000000     

.data      0    20000000    00000078     UNINITIALIZED
                  20000000    00000020     main.obj (.data:PWMchgL)
                  20000020    00000020     main.obj (.data:PWMchgR)
                  20000040    00000020     main.obj (.data:calibration)
                  20000060    00000014     main.obj (.data)
                  20000074    00000004     system_msp432p401r.obj (.data)

.bss       0    20000078    0000002c     UNINITIALIZED
                  20000078    00000020     (.common:reflect)
                  20000098    00000004     (.common:PWMleft)
                  2000009c    00000004     (.common:PWMright)
                  200000a0    00000004     (.common:thresh)

.stack     0    2000fe00    00000200     UNINITIALIZED
                  2000fe00    00000004     rtsv7M4_T_le_v4SPD16_eabi.lib : boot_cortex_m.c.obj (.stack)
                  2000fe04    000001fc     --HOLE--

MODULE SUMMARY

       Module                        code   ro data   rw data
       ------                        ----   -------   -------
    .\
       main.obj                      1440   0         320    
       system_msp432p401r.obj        820    0         8      
       startup_msp432p401r_ccs.obj   14     228       0      
    +--+-----------------------------+------+---------+---------+
       Total:                        2274   228       328    
                                                             
    D:\Programs\ti\ccsv8\tools\compiler\ti-cgt-arm_18.1.3.LTS\lib\rtsv7M4_T_le_v4SPD16_eabi.lib
       memcpy_t2.asm.obj             156    0         0      
       copy_decompress_lzss.c.obj    104    0         0      
       autoinit.c.obj                68     0         0      
       boot_cortex_m.c.obj           56     0         0      
       copy_zero_init.c.obj          18     0         0      
       copy_decompress_none.c.obj    14     0         0      
       exit.c.obj                    4      0         0      
       pre_init.c.obj                4      0         0      
    +--+-----------------------------+------+---------+---------+
       Total:                        424    0         0      
                                                             
       Stack:                        0      0         1024   
       Linker Generated:             0      61        0      
    +--+-----------------------------+------+---------+---------+
       Grand Total:                  2698   289       1352   


LINKER GENERATED COPY TABLES

__TI_cinit_table @ 00000ba0 records: 2, size/record: 8, table size: 16
	.data: load addr=00000b70, load size=00000019 bytes, run addr=20000000, run size=00000078 bytes, compression=lzss
	.bss: load addr=00000b98, load size=00000008 bytes, run addr=20000078, run size=0000002c bytes, compression=zero_init


LINKER GENERATED HANDLER TABLE

__TI_handler_table @ 00000b8c records: 3, size/record: 4, table size: 12
	index: 0, handler: __TI_decompress_lzss
	index: 1, handler: __TI_decompress_none
	index: 2, handler: __TI_zero_init


GLOBAL SYMBOLS: SORTED ALPHABETICALLY BY Name 

address   name                          
-------   ----                          
00000b65  ADC14_IRQHandler              
00000b65  AES256_IRQHandler             
00000b65  BusFault_Handler              
00000b6b  C$$EXIT                       
00000b65  COMP_E0_IRQHandler            
00000b65  COMP_E1_IRQHandler            
00000b65  CS_IRQHandler                 
00000b65  DMA_ERR_IRQHandler            
00000b65  DMA_INT0_IRQHandler           
00000b65  DMA_INT1_IRQHandler           
00000b65  DMA_INT2_IRQHandler           
00000b65  DMA_INT3_IRQHandler           
00000b65  DebugMon_Handler              
00000b65  Default_Handler               
00000b65  EUSCIA0_IRQHandler            
00000b65  EUSCIA1_IRQHandler            
00000b65  EUSCIA2_IRQHandler            
00000b65  EUSCIA3_IRQHandler            
00000b65  EUSCIB0_IRQHandler            
00000b65  EUSCIB1_IRQHandler            
00000b65  EUSCIB2_IRQHandler            
00000b65  EUSCIB3_IRQHandler            
00000b65  FLCTL_IRQHandler              
00000b65  FPU_IRQHandler                
00000b65  HardFault_Handler             
00000b65  MemManage_Handler             
00000b65  NMI_Handler                   
00000b65  PCM_IRQHandler                
00000b65  PORT1_IRQHandler              
00000b65  PORT2_IRQHandler              
00000b65  PORT3_IRQHandler              
0000035b  PORT4_IRQHandler              
0000035b  PORT4_IRQHandler              
00000b65  PORT5_IRQHandler              
00000b65  PORT6_IRQHandler              
00000b65  PSS_IRQHandler                
20000000  PWMchgL                       
20000020  PWMchgR                       
20000098  PWMleft                       
2000006c  PWMleft0                      
2000009c  PWMright                      
20000070  PWMright0                     
00000b65  PendSV_Handler                
00000b65  RTC_C_IRQHandler              
00000b59  Reset_Handler                 
00000b65  SVC_Handler                   
00000b65  SysTick_Handler               
20000074  SystemCoreClock               
00000685  SystemCoreClockUpdate         
000008fd  SystemInit                    
00000b65  T32_INT1_IRQHandler           
00000b65  T32_INT2_IRQHandler           
00000b65  T32_INTC_IRQHandler           
00000b65  TA0_0_IRQHandler              
00000b65  TA0_N_IRQHandler              
00000b65  TA1_0_IRQHandler              
00000b65  TA1_N_IRQHandler              
00000b65  TA2_0_IRQHandler              
00000b65  TA2_N_IRQHandler              
00000339  TA3_0_IRQHandler              
00000339  TA3_0_IRQHandler              
0000034b  TA3_N_IRQHandler              
0000034b  TA3_N_IRQHandler              
00000b65  UsageFault_Handler            
4000480c  WDTCTL_SYM                    
00000b65  WDT_A_IRQHandler              
20010000  __STACK_END                   
00000200  __STACK_SIZE                  
00000ba0  __TI_CINIT_Base               
00000bb0  __TI_CINIT_Limit              
00000b8c  __TI_Handler_Table_Base       
00000b98  __TI_Handler_Table_Limit      
00000abd  __TI_auto_init_nobinit_nopinit
00000a55  __TI_decompress_lzss          
00000b4b  __TI_decompress_none          
ffffffff  __TI_pprof_out_hndl           
ffffffff  __TI_prof_data_size           
ffffffff  __TI_prof_data_start          
00000000  __TI_static_base__            
00000b39  __TI_zero_init_nomemset       
000009b9  __aeabi_memcpy                
000009b9  __aeabi_memcpy4               
000009b9  __aeabi_memcpy8               
ffffffff  __binit__                     
ffffffff  __c_args__                    
UNDEFED   __mpu_init                    
2000fe00  __stack                       
00000b01  _c_int00_noargs               
UNDEFED   _system_post_cinit            
00000b67  _system_pre_init              
00000b6b  abort                         
ffffffff  binit                         
000002b7  bump                          
20000040  calibration                   
00000000  interruptVectors              
00000395  main                          
000009b9  memcpy                        
20000078  reflect                       
20000060  systick_control_reg           
20000068  systick_current_value_reg     
20000064  systick_reload_value_reg      
200000a0  thresh                        
00000111  timing0                       
0000027d  timing1                       


GLOBAL SYMBOLS: SORTED BY Symbol Address 

address   name                          
-------   ----                          
00000000  __TI_static_base__            
00000000  interruptVectors              
00000111  timing0                       
00000200  __STACK_SIZE                  
0000027d  timing1                       
000002b7  bump                          
00000339  TA3_0_IRQHandler              
00000339  TA3_0_IRQHandler              
0000034b  TA3_N_IRQHandler              
0000034b  TA3_N_IRQHandler              
0000035b  PORT4_IRQHandler              
0000035b  PORT4_IRQHandler              
00000395  main                          
00000685  SystemCoreClockUpdate         
000008fd  SystemInit                    
000009b9  __aeabi_memcpy                
000009b9  __aeabi_memcpy4               
000009b9  __aeabi_memcpy8               
000009b9  memcpy                        
00000a55  __TI_decompress_lzss          
00000abd  __TI_auto_init_nobinit_nopinit
00000b01  _c_int00_noargs               
00000b39  __TI_zero_init_nomemset       
00000b4b  __TI_decompress_none          
00000b59  Reset_Handler                 
00000b65  ADC14_IRQHandler              
00000b65  AES256_IRQHandler             
00000b65  BusFault_Handler              
00000b65  COMP_E0_IRQHandler            
00000b65  COMP_E1_IRQHandler            
00000b65  CS_IRQHandler                 
00000b65  DMA_ERR_IRQHandler            
00000b65  DMA_INT0_IRQHandler           
00000b65  DMA_INT1_IRQHandler           
00000b65  DMA_INT2_IRQHandler           
00000b65  DMA_INT3_IRQHandler           
00000b65  DebugMon_Handler              
00000b65  Default_Handler               
00000b65  EUSCIA0_IRQHandler            
00000b65  EUSCIA1_IRQHandler            
00000b65  EUSCIA2_IRQHandler            
00000b65  EUSCIA3_IRQHandler            
00000b65  EUSCIB0_IRQHandler            
00000b65  EUSCIB1_IRQHandler            
00000b65  EUSCIB2_IRQHandler            
00000b65  EUSCIB3_IRQHandler            
00000b65  FLCTL_IRQHandler              
00000b65  FPU_IRQHandler                
00000b65  HardFault_Handler             
00000b65  MemManage_Handler             
00000b65  NMI_Handler                   
00000b65  PCM_IRQHandler                
00000b65  PORT1_IRQHandler              
00000b65  PORT2_IRQHandler              
00000b65  PORT3_IRQHandler              
00000b65  PORT5_IRQHandler              
00000b65  PORT6_IRQHandler              
00000b65  PSS_IRQHandler                
00000b65  PendSV_Handler                
00000b65  RTC_C_IRQHandler              
00000b65  SVC_Handler                   
00000b65  SysTick_Handler               
00000b65  T32_INT1_IRQHandler           
00000b65  T32_INT2_IRQHandler           
00000b65  T32_INTC_IRQHandler           
00000b65  TA0_0_IRQHandler              
00000b65  TA0_N_IRQHandler              
00000b65  TA1_0_IRQHandler              
00000b65  TA1_N_IRQHandler              
00000b65  TA2_0_IRQHandler              
00000b65  TA2_N_IRQHandler              
00000b65  UsageFault_Handler            
00000b65  WDT_A_IRQHandler              
00000b67  _system_pre_init              
00000b6b  C$$EXIT                       
00000b6b  abort                         
00000b8c  __TI_Handler_Table_Base       
00000b98  __TI_Handler_Table_Limit      
00000ba0  __TI_CINIT_Base               
00000bb0  __TI_CINIT_Limit              
20000000  PWMchgL                       
20000020  PWMchgR                       
20000040  calibration                   
20000060  systick_control_reg           
20000064  systick_reload_value_reg      
20000068  systick_current_value_reg     
2000006c  PWMleft0                      
20000070  PWMright0                     
20000074  SystemCoreClock               
20000078  reflect                       
20000098  PWMleft                       
2000009c  PWMright                      
200000a0  thresh                        
2000fe00  __stack                       
20010000  __STACK_END                   
4000480c  WDTCTL_SYM                    
ffffffff  __TI_pprof_out_hndl           
ffffffff  __TI_prof_data_size           
ffffffff  __TI_prof_data_start          
ffffffff  __binit__                     
ffffffff  __c_args__                    
ffffffff  binit                         
UNDEFED   __mpu_init                    
UNDEFED   _system_post_cinit            

[104 symbols]
