******************************************************************************
                  TI ARM Linker PC v18.1.3                     
******************************************************************************
>> Linked Wed Oct 24 22:12:27 2018

OUTPUT FILE NAME:   <TI_RSLK_controller_interrupts.out>
ENTRY POINT SYMBOL: "_c_int00_noargs"  address: 00000be5


MEMORY CONFIGURATION

         name            origin    length      used     unused   attr    fill
----------------------  --------  ---------  --------  --------  ----  --------
  MAIN                  00000000   00040000  00000c92  0003f36e  R  X
  INFO                  00200000   00004000  00000000  00004000  R  X
  SRAM_CODE             01000000   00010000  00000260  0000fda0  RW X
  SRAM_DATA             20000000   00010000  00000260  0000fda0  RW  


SEGMENT ALLOCATION MAP

run origin  load origin   length   init length attrs members
----------  ----------- ---------- ----------- ----- -------
00000000    00000000    00000c98   00000c98    r-x
  00000000    00000000    000000e4   000000e4    r-- .intvecs
  000000e4    000000e4    00000b6e   00000b6e    r-x .text
  00000c58    00000c58    00000040   00000040    r-- .cinit
20000000    20000000    00000060   00000000    rw-
  20000000    20000000    00000038   00000000    rw- .data
  20000038    20000038    00000028   00000000    rw- .bss
2000fe00    2000fe00    00000200   00000000    rw-
  2000fe00    2000fe00    00000200   00000000    rw- .stack


SECTION ALLOCATION MAP

 output                                  attributes/
section   page    origin      length       input sections
--------  ----  ----------  ----------   ----------------
.intvecs   0    00000000    000000e4     
                  00000000    000000e4     startup_msp432p401r_ccs.obj (.intvecs:retain)

.text      0    000000e4    00000b6e     
                  000000e4    0000060c     main.obj (.text)
                  000006f0    00000334     system_msp432p401r.obj (.text)
                  00000a24    0000009c     rtsv7M4_T_le_v4SPD16_eabi.lib : memcpy_t2.asm.obj (.text)
                  00000ac0    00000068                                   : copy_decompress_lzss.c.obj (.text:decompress:lzss:__TI_decompress_lzss)
                  00000b28    00000044                                   : autoinit.c.obj (.text:__TI_auto_init_nobinit_nopinit:__TI_auto_init_nobinit_nopinit)
                  00000b6c    0000003c     main.obj (.text:setLeftPWM)
                  00000ba8    0000003c     main.obj (.text:setRightPWM)
                  00000be4    00000038     rtsv7M4_T_le_v4SPD16_eabi.lib : boot_cortex_m.c.obj (.text:_c_int00_noargs:_c_int00_noargs)
                  00000c1c    00000012                                   : copy_zero_init.c.obj (.text:decompress:ZI:__TI_zero_init_nomemset:__TI_zero_init_nomemset)
                  00000c2e    0000000e                                   : copy_decompress_none.c.obj (.text:decompress:none:__TI_decompress_none)
                  00000c3c    0000000e     startup_msp432p401r_ccs.obj (.text)
                  00000c4a    00000004     rtsv7M4_T_le_v4SPD16_eabi.lib : pre_init.c.obj (.text:_system_pre_init)
                  00000c4e    00000004                                   : exit.c.obj (.text:abort:abort)

.cinit     0    00000c58    00000040     
                  00000c58    00000019     (.cinit..data.load) [load image, compression = lzss]
                  00000c71    00000003     --HOLE-- [fill = 0]
                  00000c74    0000000c     (__TI_handler_table)
                  00000c80    00000008     (.cinit..bss.load) [load image, compression = zero_init]
                  00000c88    00000010     (__TI_cinit_table)

.init_array 
*          0    00000000    00000000     UNINITIALIZED

.binit     0    00000000    00000000     

.data      0    20000000    00000038     UNINITIALIZED
                  20000000    00000020     main.obj (.data:calibration)
                  20000020    00000014     main.obj (.data)
                  20000034    00000004     system_msp432p401r.obj (.data)

.bss       0    20000038    00000028     UNINITIALIZED
                  20000038    00000020     (.common:reflect)
                  20000058    00000004     (.common:PWMleft)
                  2000005c    00000004     (.common:PWMright)

.stack     0    2000fe00    00000200     UNINITIALIZED
                  2000fe00    00000004     rtsv7M4_T_le_v4SPD16_eabi.lib : boot_cortex_m.c.obj (.stack)
                  2000fe04    000001fc     --HOLE--

MODULE SUMMARY

       Module                        code   ro data   rw data
       ------                        ----   -------   -------
    .\
       main.obj                      1668   0         184    
       system_msp432p401r.obj        820    0         8      
       startup_msp432p401r_ccs.obj   14     228       0      
    +--+-----------------------------+------+---------+---------+
       Total:                        2502   228       192    
                                                             
    D:\Programs\ti\ccsv8\tools\compiler\ti-cgt-arm_18.1.3.LTS\lib\rtsv7M4_T_le_v4SPD16_eabi.lib
       memcpy_t2.asm.obj             156    0         0      
       copy_decompress_lzss.c.obj    104    0         0      
       autoinit.c.obj                68     0         0      
       boot_cortex_m.c.obj           56     0         0      
       copy_zero_init.c.obj          18     0         0      
       copy_decompress_none.c.obj    14     0         0      
       exit.c.obj                    4      0         0      
       pre_init.c.obj                4      0         0      
    +--+-----------------------------+------+---------+---------+
       Total:                        424    0         0      
                                                             
       Stack:                        0      0         1024   
       Linker Generated:             0      61        0      
    +--+-----------------------------+------+---------+---------+
       Grand Total:                  2926   289       1216   


LINKER GENERATED COPY TABLES

__TI_cinit_table @ 00000c88 records: 2, size/record: 8, table size: 16
	.data: load addr=00000c58, load size=00000019 bytes, run addr=20000000, run size=00000038 bytes, compression=lzss
	.bss: load addr=00000c80, load size=00000008 bytes, run addr=20000038, run size=00000028 bytes, compression=zero_init


LINKER GENERATED HANDLER TABLE

__TI_handler_table @ 00000c74 records: 3, size/record: 4, table size: 12
	index: 0, handler: __TI_decompress_lzss
	index: 1, handler: __TI_decompress_none
	index: 2, handler: __TI_zero_init


GLOBAL SYMBOLS: SORTED ALPHABETICALLY BY Name 

address   name                          
-------   ----                          
00000c49  ADC14_IRQHandler              
00000c49  AES256_IRQHandler             
00000c49  BusFault_Handler              
00000c4f  C$$EXIT                       
00000c49  COMP_E0_IRQHandler            
00000c49  COMP_E1_IRQHandler            
00000c49  CS_IRQHandler                 
00000c49  DMA_ERR_IRQHandler            
00000c49  DMA_INT0_IRQHandler           
00000c49  DMA_INT1_IRQHandler           
00000c49  DMA_INT2_IRQHandler           
00000c49  DMA_INT3_IRQHandler           
00000c49  DebugMon_Handler              
00000c49  Default_Handler               
00000c49  EUSCIA0_IRQHandler            
00000c49  EUSCIA1_IRQHandler            
00000c49  EUSCIA2_IRQHandler            
00000c49  EUSCIA3_IRQHandler            
00000c49  EUSCIB0_IRQHandler            
00000c49  EUSCIB1_IRQHandler            
00000c49  EUSCIB2_IRQHandler            
00000c49  EUSCIB3_IRQHandler            
00000c49  FLCTL_IRQHandler              
00000c49  FPU_IRQHandler                
00000c49  HardFault_Handler             
00000c49  MemManage_Handler             
00000c49  NMI_Handler                   
00000c49  PCM_IRQHandler                
00000c49  PORT1_IRQHandler              
00000c49  PORT2_IRQHandler              
00000c49  PORT3_IRQHandler              
00000385  PORT4_IRQHandler              
00000385  PORT4_IRQHandler              
00000c49  PORT5_IRQHandler              
00000c49  PORT6_IRQHandler              
00000c49  PSS_IRQHandler                
20000058  PWMleft                       
20000020  PWMleft0                      
2000005c  PWMright                      
20000024  PWMright0                     
00000c49  PendSV_Handler                
00000c49  RTC_C_IRQHandler              
00000c3d  Reset_Handler                 
00000c49  SVC_Handler                   
00000c49  SysTick_Handler               
20000034  SystemCoreClock               
000006f1  SystemCoreClockUpdate         
00000969  SystemInit                    
00000c49  T32_INT1_IRQHandler           
00000c49  T32_INT2_IRQHandler           
00000c49  T32_INTC_IRQHandler           
00000c49  TA0_0_IRQHandler              
00000c49  TA0_N_IRQHandler              
00000c49  TA1_0_IRQHandler              
00000c49  TA1_N_IRQHandler              
00000c49  TA2_0_IRQHandler              
00000c49  TA2_N_IRQHandler              
00000363  TA3_0_IRQHandler              
00000363  TA3_0_IRQHandler              
00000375  TA3_N_IRQHandler              
00000375  TA3_N_IRQHandler              
00000c49  UsageFault_Handler            
4000480c  WDTCTL_SYM                    
00000c49  WDT_A_IRQHandler              
20010000  __STACK_END                   
00000200  __STACK_SIZE                  
00000c88  __TI_CINIT_Base               
00000c98  __TI_CINIT_Limit              
00000c74  __TI_Handler_Table_Base       
00000c80  __TI_Handler_Table_Limit      
00000b29  __TI_auto_init_nobinit_nopinit
00000ac1  __TI_decompress_lzss          
00000c2f  __TI_decompress_none          
ffffffff  __TI_pprof_out_hndl           
ffffffff  __TI_prof_data_size           
ffffffff  __TI_prof_data_start          
00000000  __TI_static_base__            
00000c1d  __TI_zero_init_nomemset       
00000a25  __aeabi_memcpy                
00000a25  __aeabi_memcpy4               
00000a25  __aeabi_memcpy8               
ffffffff  __binit__                     
ffffffff  __c_args__                    
UNDEFED   __mpu_init                    
2000fe00  __stack                       
00000be5  _c_int00_noargs               
UNDEFED   _system_post_cinit            
00000c4b  _system_pre_init              
00000c4f  abort                         
ffffffff  binit                         
00000291  bump                          
20000000  calibration                   
2000002c  ctlstate                      
20000030  cycles                        
00000000  interruptVectors              
000003c9  main                          
00000a25  memcpy                        
20000038  reflect                       
00000b6d  setLeftPWM                    
00000ba9  setRightPWM                   
20000028  thresh                        
00000111  timing0                       
00000257  timing1                       


GLOBAL SYMBOLS: SORTED BY Symbol Address 

address   name                          
-------   ----                          
00000000  __TI_static_base__            
00000000  interruptVectors              
00000111  timing0                       
00000200  __STACK_SIZE                  
00000257  timing1                       
00000291  bump                          
00000363  TA3_0_IRQHandler              
00000363  TA3_0_IRQHandler              
00000375  TA3_N_IRQHandler              
00000375  TA3_N_IRQHandler              
00000385  PORT4_IRQHandler              
00000385  PORT4_IRQHandler              
000003c9  main                          
000006f1  SystemCoreClockUpdate         
00000969  SystemInit                    
00000a25  __aeabi_memcpy                
00000a25  __aeabi_memcpy4               
00000a25  __aeabi_memcpy8               
00000a25  memcpy                        
00000ac1  __TI_decompress_lzss          
00000b29  __TI_auto_init_nobinit_nopinit
00000b6d  setLeftPWM                    
00000ba9  setRightPWM                   
00000be5  _c_int00_noargs               
00000c1d  __TI_zero_init_nomemset       
00000c2f  __TI_decompress_none          
00000c3d  Reset_Handler                 
00000c49  ADC14_IRQHandler              
00000c49  AES256_IRQHandler             
00000c49  BusFault_Handler              
00000c49  COMP_E0_IRQHandler            
00000c49  COMP_E1_IRQHandler            
00000c49  CS_IRQHandler                 
00000c49  DMA_ERR_IRQHandler            
00000c49  DMA_INT0_IRQHandler           
00000c49  DMA_INT1_IRQHandler           
00000c49  DMA_INT2_IRQHandler           
00000c49  DMA_INT3_IRQHandler           
00000c49  DebugMon_Handler              
00000c49  Default_Handler               
00000c49  EUSCIA0_IRQHandler            
00000c49  EUSCIA1_IRQHandler            
00000c49  EUSCIA2_IRQHandler            
00000c49  EUSCIA3_IRQHandler            
00000c49  EUSCIB0_IRQHandler            
00000c49  EUSCIB1_IRQHandler            
00000c49  EUSCIB2_IRQHandler            
00000c49  EUSCIB3_IRQHandler            
00000c49  FLCTL_IRQHandler              
00000c49  FPU_IRQHandler                
00000c49  HardFault_Handler             
00000c49  MemManage_Handler             
00000c49  NMI_Handler                   
00000c49  PCM_IRQHandler                
00000c49  PORT1_IRQHandler              
00000c49  PORT2_IRQHandler              
00000c49  PORT3_IRQHandler              
00000c49  PORT5_IRQHandler              
00000c49  PORT6_IRQHandler              
00000c49  PSS_IRQHandler                
00000c49  PendSV_Handler                
00000c49  RTC_C_IRQHandler              
00000c49  SVC_Handler                   
00000c49  SysTick_Handler               
00000c49  T32_INT1_IRQHandler           
00000c49  T32_INT2_IRQHandler           
00000c49  T32_INTC_IRQHandler           
00000c49  TA0_0_IRQHandler              
00000c49  TA0_N_IRQHandler              
00000c49  TA1_0_IRQHandler              
00000c49  TA1_N_IRQHandler              
00000c49  TA2_0_IRQHandler              
00000c49  TA2_N_IRQHandler              
00000c49  UsageFault_Handler            
00000c49  WDT_A_IRQHandler              
00000c4b  _system_pre_init              
00000c4f  C$$EXIT                       
00000c4f  abort                         
00000c74  __TI_Handler_Table_Base       
00000c80  __TI_Handler_Table_Limit      
00000c88  __TI_CINIT_Base               
00000c98  __TI_CINIT_Limit              
20000000  calibration                   
20000020  PWMleft0                      
20000024  PWMright0                     
20000028  thresh                        
2000002c  ctlstate                      
20000030  cycles                        
20000034  SystemCoreClock               
20000038  reflect                       
20000058  PWMleft                       
2000005c  PWMright                      
2000fe00  __stack                       
20010000  __STACK_END                   
4000480c  WDTCTL_SYM                    
ffffffff  __TI_pprof_out_hndl           
ffffffff  __TI_prof_data_size           
ffffffff  __TI_prof_data_start          
ffffffff  __binit__                     
ffffffff  __c_args__                    
ffffffff  binit                         
UNDEFED   __mpu_init                    
UNDEFED   _system_post_cinit            

[103 symbols]
