******************************************************************************
                  TI ARM Linker PC v18.1.3                     
******************************************************************************
>> Linked Thu Oct 18 09:39:57 2018

OUTPUT FILE NAME:   <TI_RSLK_controller_interrupts.out>
ENTRY POINT SYMBOL: "_c_int00_noargs"  address: 00000a75


MEMORY CONFIGURATION

         name            origin    length      used     unused   attr    fill
----------------------  --------  ---------  --------  --------  ----  --------
  MAIN                  00000000   00040000  00000b22  0003f4de  R  X
  INFO                  00200000   00004000  00000000  00004000  R  X
  SRAM_CODE             01000000   00010000  00000298  0000fd68  RW X
  SRAM_DATA             20000000   00010000  00000298  0000fd68  RW  


SEGMENT ALLOCATION MAP

run origin  load origin   length   init length attrs members
----------  ----------- ---------- ----------- ----- -------
00000000    00000000    00000b28   00000b28    r-x
  00000000    00000000    000000e4   000000e4    r-- .intvecs
  000000e4    000000e4    000009fe   000009fe    r-x .text
  00000ae8    00000ae8    00000040   00000040    r-- .cinit
20000000    20000000    00000098   00000000    rw-
  20000000    20000000    00000068   00000000    rw- .bss
  20000068    20000068    00000030   00000000    rw- .data
2000fe00    2000fe00    00000200   00000000    rw-
  2000fe00    2000fe00    00000200   00000000    rw- .stack


SECTION ALLOCATION MAP

 output                                  attributes/
section   page    origin      length       input sections
--------  ----  ----------  ----------   ----------------
.intvecs   0    00000000    000000e4     
                  00000000    000000e4     startup_msp432p401r_ccs.obj (.intvecs:retain)

.text      0    000000e4    000009fe     
                  000000e4    00000514     main.obj (.text)
                  000005f8    00000334     system_msp432p401r.obj (.text)
                  0000092c    0000009c     rtsv7M4_T_le_v4SPD16_eabi.lib : memcpy_t2.asm.obj (.text)
                  000009c8    00000068                                   : copy_decompress_lzss.c.obj (.text:decompress:lzss:__TI_decompress_lzss)
                  00000a30    00000044                                   : autoinit.c.obj (.text:__TI_auto_init_nobinit_nopinit:__TI_auto_init_nobinit_nopinit)
                  00000a74    00000038                                   : boot_cortex_m.c.obj (.text:_c_int00_noargs:_c_int00_noargs)
                  00000aac    00000012                                   : copy_zero_init.c.obj (.text:decompress:ZI:__TI_zero_init_nomemset:__TI_zero_init_nomemset)
                  00000abe    0000000e                                   : copy_decompress_none.c.obj (.text:decompress:none:__TI_decompress_none)
                  00000acc    0000000e     startup_msp432p401r_ccs.obj (.text)
                  00000ada    00000004     rtsv7M4_T_le_v4SPD16_eabi.lib : pre_init.c.obj (.text:_system_pre_init)
                  00000ade    00000004                                   : exit.c.obj (.text:abort:abort)

.cinit     0    00000ae8    00000040     
                  00000ae8    00000017     (.cinit..data.load) [load image, compression = lzss]
                  00000aff    00000001     --HOLE-- [fill = 0]
                  00000b00    0000000c     (__TI_handler_table)
                  00000b0c    00000004     --HOLE-- [fill = 0]
                  00000b10    00000008     (.cinit..bss.load) [load image, compression = zero_init]
                  00000b18    00000010     (__TI_cinit_table)

.init_array 
*          0    00000000    00000000     UNINITIALIZED

.binit     0    00000000    00000000     

.bss       0    20000000    00000068     UNINITIALIZED
                  20000000    00000020     (.common:PWMchgL)
                  20000020    00000020     (.common:PWMchgR)
                  20000040    00000020     (.common:reflect)
                  20000060    00000004     (.common:PWMleft)
                  20000064    00000004     (.common:PWMright)

.data      0    20000068    00000030     UNINITIALIZED
                  20000068    00000020     main.obj (.data:calibration)
                  20000088    0000000c     main.obj (.data)
                  20000094    00000004     system_msp432p401r.obj (.data)

.stack     0    2000fe00    00000200     UNINITIALIZED
                  2000fe00    00000004     rtsv7M4_T_le_v4SPD16_eabi.lib : boot_cortex_m.c.obj (.stack)
                  2000fe04    000001fc     --HOLE--

MODULE SUMMARY

       Module                        code   ro data   rw data
       ------                        ----   -------   -------
    .\
       main.obj                      1300   0         296    
       system_msp432p401r.obj        820    0         8      
       startup_msp432p401r_ccs.obj   14     228       0      
    +--+-----------------------------+------+---------+---------+
       Total:                        2134   228       304    
                                                             
    D:\Programs\ti\ccsv8\tools\compiler\ti-cgt-arm_18.1.3.LTS\lib\rtsv7M4_T_le_v4SPD16_eabi.lib
       memcpy_t2.asm.obj             156    0         0      
       copy_decompress_lzss.c.obj    104    0         0      
       autoinit.c.obj                68     0         0      
       boot_cortex_m.c.obj           56     0         0      
       copy_zero_init.c.obj          18     0         0      
       copy_decompress_none.c.obj    14     0         0      
       exit.c.obj                    4      0         0      
       pre_init.c.obj                4      0         0      
    +--+-----------------------------+------+---------+---------+
       Total:                        424    0         0      
                                                             
       Stack:                        0      0         1024   
       Linker Generated:             0      59        0      
    +--+-----------------------------+------+---------+---------+
       Grand Total:                  2558   287       1328   


LINKER GENERATED COPY TABLES

__TI_cinit_table @ 00000b18 records: 2, size/record: 8, table size: 16
	.data: load addr=00000ae8, load size=00000017 bytes, run addr=20000068, run size=00000030 bytes, compression=lzss
	.bss: load addr=00000b10, load size=00000008 bytes, run addr=20000000, run size=00000068 bytes, compression=zero_init


LINKER GENERATED HANDLER TABLE

__TI_handler_table @ 00000b00 records: 3, size/record: 4, table size: 12
	index: 0, handler: __TI_decompress_lzss
	index: 1, handler: __TI_decompress_none
	index: 2, handler: __TI_zero_init


GLOBAL SYMBOLS: SORTED ALPHABETICALLY BY Name 

address   name                          
-------   ----                          
00000ad9  ADC14_IRQHandler              
00000ad9  AES256_IRQHandler             
00000ad9  BusFault_Handler              
00000adf  C$$EXIT                       
00000ad9  COMP_E0_IRQHandler            
00000ad9  COMP_E1_IRQHandler            
00000ad9  CS_IRQHandler                 
00000ad9  DMA_ERR_IRQHandler            
00000ad9  DMA_INT0_IRQHandler           
00000ad9  DMA_INT1_IRQHandler           
00000ad9  DMA_INT2_IRQHandler           
00000ad9  DMA_INT3_IRQHandler           
00000ad9  DebugMon_Handler              
00000ad9  Default_Handler               
00000ad9  EUSCIA0_IRQHandler            
00000ad9  EUSCIA1_IRQHandler            
00000ad9  EUSCIA2_IRQHandler            
00000ad9  EUSCIA3_IRQHandler            
00000ad9  EUSCIB0_IRQHandler            
00000ad9  EUSCIB1_IRQHandler            
00000ad9  EUSCIB2_IRQHandler            
00000ad9  EUSCIB3_IRQHandler            
00000ad9  FLCTL_IRQHandler              
00000ad9  FPU_IRQHandler                
00000ad9  HardFault_Handler             
00000ad9  MemManage_Handler             
00000ad9  NMI_Handler                   
00000ad9  PCM_IRQHandler                
00000ad9  PORT1_IRQHandler              
00000ad9  PORT2_IRQHandler              
00000ad9  PORT3_IRQHandler              
000002fb  PORT4_IRQHandler              
000002fb  PORT4_IRQHandler              
00000ad9  PORT5_IRQHandler              
00000ad9  PORT6_IRQHandler              
00000ad9  PSS_IRQHandler                
20000000  PWMchgL                       
20000020  PWMchgR                       
20000060  PWMleft                       
20000064  PWMright                      
00000ad9  PendSV_Handler                
00000ad9  RTC_C_IRQHandler              
00000acd  Reset_Handler                 
00000ad9  SVC_Handler                   
00000ad9  SysTick_Handler               
20000094  SystemCoreClock               
000005f9  SystemCoreClockUpdate         
00000871  SystemInit                    
00000ad9  T32_INT1_IRQHandler           
00000ad9  T32_INT2_IRQHandler           
00000ad9  T32_INTC_IRQHandler           
00000ad9  TA0_0_IRQHandler              
00000ad9  TA0_N_IRQHandler              
00000ad9  TA1_0_IRQHandler              
00000ad9  TA1_N_IRQHandler              
00000ad9  TA2_0_IRQHandler              
00000ad9  TA2_N_IRQHandler              
000002d9  TA3_0_IRQHandler              
000002d9  TA3_0_IRQHandler              
000002eb  TA3_N_IRQHandler              
000002eb  TA3_N_IRQHandler              
00000ad9  UsageFault_Handler            
4000480c  WDTCTL_SYM                    
00000ad9  WDT_A_IRQHandler              
20010000  __STACK_END                   
00000200  __STACK_SIZE                  
00000b18  __TI_CINIT_Base               
00000b28  __TI_CINIT_Limit              
00000b00  __TI_Handler_Table_Base       
00000b0c  __TI_Handler_Table_Limit      
00000a31  __TI_auto_init_nobinit_nopinit
000009c9  __TI_decompress_lzss          
00000abf  __TI_decompress_none          
ffffffff  __TI_pprof_out_hndl           
ffffffff  __TI_prof_data_size           
ffffffff  __TI_prof_data_start          
00000000  __TI_static_base__            
00000aad  __TI_zero_init_nomemset       
0000092d  __aeabi_memcpy                
0000092d  __aeabi_memcpy4               
0000092d  __aeabi_memcpy8               
ffffffff  __binit__                     
ffffffff  __c_args__                    
UNDEFED   __mpu_init                    
2000fe00  __stack                       
00000a75  _c_int00_noargs               
UNDEFED   _system_post_cinit            
00000adb  _system_pre_init              
00000adf  abort                         
ffffffff  binit                         
00000257  bump                          
20000068  calibration                   
00000000  interruptVectors              
0000030d  main                          
0000092d  memcpy                        
20000040  reflect                       
20000088  systick_control_reg           
20000090  systick_current_value_reg     
2000008c  systick_reload_value_reg      
00000111  timing0                       
0000021d  timing1                       


GLOBAL SYMBOLS: SORTED BY Symbol Address 

address   name                          
-------   ----                          
00000000  __TI_static_base__            
00000000  interruptVectors              
00000111  timing0                       
00000200  __STACK_SIZE                  
0000021d  timing1                       
00000257  bump                          
000002d9  TA3_0_IRQHandler              
000002d9  TA3_0_IRQHandler              
000002eb  TA3_N_IRQHandler              
000002eb  TA3_N_IRQHandler              
000002fb  PORT4_IRQHandler              
000002fb  PORT4_IRQHandler              
0000030d  main                          
000005f9  SystemCoreClockUpdate         
00000871  SystemInit                    
0000092d  __aeabi_memcpy                
0000092d  __aeabi_memcpy4               
0000092d  __aeabi_memcpy8               
0000092d  memcpy                        
000009c9  __TI_decompress_lzss          
00000a31  __TI_auto_init_nobinit_nopinit
00000a75  _c_int00_noargs               
00000aad  __TI_zero_init_nomemset       
00000abf  __TI_decompress_none          
00000acd  Reset_Handler                 
00000ad9  ADC14_IRQHandler              
00000ad9  AES256_IRQHandler             
00000ad9  BusFault_Handler              
00000ad9  COMP_E0_IRQHandler            
00000ad9  COMP_E1_IRQHandler            
00000ad9  CS_IRQHandler                 
00000ad9  DMA_ERR_IRQHandler            
00000ad9  DMA_INT0_IRQHandler           
00000ad9  DMA_INT1_IRQHandler           
00000ad9  DMA_INT2_IRQHandler           
00000ad9  DMA_INT3_IRQHandler           
00000ad9  DebugMon_Handler              
00000ad9  Default_Handler               
00000ad9  EUSCIA0_IRQHandler            
00000ad9  EUSCIA1_IRQHandler            
00000ad9  EUSCIA2_IRQHandler            
00000ad9  EUSCIA3_IRQHandler            
00000ad9  EUSCIB0_IRQHandler            
00000ad9  EUSCIB1_IRQHandler            
00000ad9  EUSCIB2_IRQHandler            
00000ad9  EUSCIB3_IRQHandler            
00000ad9  FLCTL_IRQHandler              
00000ad9  FPU_IRQHandler                
00000ad9  HardFault_Handler             
00000ad9  MemManage_Handler             
00000ad9  NMI_Handler                   
00000ad9  PCM_IRQHandler                
00000ad9  PORT1_IRQHandler              
00000ad9  PORT2_IRQHandler              
00000ad9  PORT3_IRQHandler              
00000ad9  PORT5_IRQHandler              
00000ad9  PORT6_IRQHandler              
00000ad9  PSS_IRQHandler                
00000ad9  PendSV_Handler                
00000ad9  RTC_C_IRQHandler              
00000ad9  SVC_Handler                   
00000ad9  SysTick_Handler               
00000ad9  T32_INT1_IRQHandler           
00000ad9  T32_INT2_IRQHandler           
00000ad9  T32_INTC_IRQHandler           
00000ad9  TA0_0_IRQHandler              
00000ad9  TA0_N_IRQHandler              
00000ad9  TA1_0_IRQHandler              
00000ad9  TA1_N_IRQHandler              
00000ad9  TA2_0_IRQHandler              
00000ad9  TA2_N_IRQHandler              
00000ad9  UsageFault_Handler            
00000ad9  WDT_A_IRQHandler              
00000adb  _system_pre_init              
00000adf  C$$EXIT                       
00000adf  abort                         
00000b00  __TI_Handler_Table_Base       
00000b0c  __TI_Handler_Table_Limit      
00000b18  __TI_CINIT_Base               
00000b28  __TI_CINIT_Limit              
20000000  PWMchgL                       
20000020  PWMchgR                       
20000040  reflect                       
20000060  PWMleft                       
20000064  PWMright                      
20000068  calibration                   
20000088  systick_control_reg           
2000008c  systick_reload_value_reg      
20000090  systick_current_value_reg     
20000094  SystemCoreClock               
2000fe00  __stack                       
20010000  __STACK_END                   
4000480c  WDTCTL_SYM                    
ffffffff  __TI_pprof_out_hndl           
ffffffff  __TI_prof_data_size           
ffffffff  __TI_prof_data_start          
ffffffff  __binit__                     
ffffffff  __c_args__                    
ffffffff  binit                         
UNDEFED   __mpu_init                    
UNDEFED   _system_post_cinit            

[101 symbols]
