******************************************************************************
                  TI ARM Linker PC v18.1.3                     
******************************************************************************
>> Linked Wed Oct 17 15:13:35 2018

OUTPUT FILE NAME:   <TI_RSLK_controller_interrupts.out>
ENTRY POINT SYMBOL: "_c_int00_noargs"  address: 0000091d


MEMORY CONFIGURATION

         name            origin    length      used     unused   attr    fill
----------------------  --------  ---------  --------  --------  ----  --------
  MAIN                  00000000   00040000  000009ba  0003f646  R  X
  INFO                  00200000   00004000  00000000  00004000  R  X
  SRAM_CODE             01000000   00010000  00000224  0000fddc  RW X
  SRAM_DATA             20000000   00010000  00000224  0000fddc  RW  


SEGMENT ALLOCATION MAP

run origin  load origin   length   init length attrs members
----------  ----------- ---------- ----------- ----- -------
00000000    00000000    000009c0   000009c0    r-x
  00000000    00000000    000000e4   000000e4    r-- .intvecs
  000000e4    000000e4    000008a6   000008a6    r-x .text
  00000990    00000990    00000030   00000030    r-- .cinit
20000000    20000000    00000024   00000000    rw-
  20000000    20000000    00000020   00000000    rw- .bss
  20000020    20000020    00000004   00000000    rw- .data
2000fe00    2000fe00    00000200   00000000    rw-
  2000fe00    2000fe00    00000200   00000000    rw- .stack


SECTION ALLOCATION MAP

 output                                  attributes/
section   page    origin      length       input sections
--------  ----  ----------  ----------   ----------------
.intvecs   0    00000000    000000e4     
                  00000000    000000e4     startup_msp432p401r_ccs.obj (.intvecs:retain)

.text      0    000000e4    000008a6     
                  000000e4    000003bc     main.obj (.text)
                  000004a0    00000334     system_msp432p401r.obj (.text)
                  000007d4    0000009c     rtsv7M4_T_le_v4SPD16_eabi.lib : memcpy_t2.asm.obj (.text)
                  00000870    00000068                                   : copy_decompress_lzss.c.obj (.text:decompress:lzss:__TI_decompress_lzss)
                  000008d8    00000044                                   : autoinit.c.obj (.text:__TI_auto_init_nobinit_nopinit:__TI_auto_init_nobinit_nopinit)
                  0000091c    00000038                                   : boot_cortex_m.c.obj (.text:_c_int00_noargs:_c_int00_noargs)
                  00000954    00000012                                   : copy_zero_init.c.obj (.text:decompress:ZI:__TI_zero_init_nomemset:__TI_zero_init_nomemset)
                  00000966    0000000e                                   : copy_decompress_none.c.obj (.text:decompress:none:__TI_decompress_none)
                  00000974    0000000e     startup_msp432p401r_ccs.obj (.text)
                  00000982    00000004     rtsv7M4_T_le_v4SPD16_eabi.lib : pre_init.c.obj (.text:_system_pre_init)
                  00000986    00000004                                   : exit.c.obj (.text:abort:abort)

.cinit     0    00000990    00000030     
                  00000990    0000000c     (__TI_handler_table)
                  0000099c    00000004     --HOLE-- [fill = 0]
                  000009a0    00000008     (.cinit..bss.load) [load image, compression = zero_init]
                  000009a8    00000008     (.cinit..data.load) [load image, compression = lzss]
                  000009b0    00000010     (__TI_cinit_table)

.init_array 
*          0    00000000    00000000     UNINITIALIZED

.binit     0    00000000    00000000     

.bss       0    20000000    00000020     UNINITIALIZED
                  20000000    00000020     (.common:reflect)

.data      0    20000020    00000004     UNINITIALIZED
                  20000020    00000004     system_msp432p401r.obj (.data)

.stack     0    2000fe00    00000200     UNINITIALIZED
                  2000fe00    00000004     rtsv7M4_T_le_v4SPD16_eabi.lib : boot_cortex_m.c.obj (.stack)
                  2000fe04    000001fc     --HOLE--

MODULE SUMMARY

       Module                        code   ro data   rw data
       ------                        ----   -------   -------
    .\
       main.obj                      956    0         64     
       system_msp432p401r.obj        820    0         8      
       startup_msp432p401r_ccs.obj   14     228       0      
    +--+-----------------------------+------+---------+---------+
       Total:                        1790   228       72     
                                                             
    D:\Programs\ti\ccsv8\tools\compiler\ti-cgt-arm_18.1.3.LTS\lib\rtsv7M4_T_le_v4SPD16_eabi.lib
       memcpy_t2.asm.obj             156    0         0      
       copy_decompress_lzss.c.obj    104    0         0      
       autoinit.c.obj                68     0         0      
       boot_cortex_m.c.obj           56     0         0      
       copy_zero_init.c.obj          18     0         0      
       copy_decompress_none.c.obj    14     0         0      
       exit.c.obj                    4      0         0      
       pre_init.c.obj                4      0         0      
    +--+-----------------------------+------+---------+---------+
       Total:                        424    0         0      
                                                             
       Stack:                        0      0         1024   
       Linker Generated:             0      44        0      
    +--+-----------------------------+------+---------+---------+
       Grand Total:                  2214   272       1096   


LINKER GENERATED COPY TABLES

__TI_cinit_table @ 000009b0 records: 2, size/record: 8, table size: 16
	.bss: load addr=000009a0, load size=00000008 bytes, run addr=20000000, run size=00000020 bytes, compression=zero_init
	.data: load addr=000009a8, load size=00000008 bytes, run addr=20000020, run size=00000004 bytes, compression=lzss


LINKER GENERATED HANDLER TABLE

__TI_handler_table @ 00000990 records: 3, size/record: 4, table size: 12
	index: 0, handler: __TI_decompress_lzss
	index: 1, handler: __TI_decompress_none
	index: 2, handler: __TI_zero_init


GLOBAL SYMBOLS: SORTED ALPHABETICALLY BY Name 

address   name                          
-------   ----                          
00000981  ADC14_IRQHandler              
00000981  AES256_IRQHandler             
00000981  BusFault_Handler              
00000987  C$$EXIT                       
00000981  COMP_E0_IRQHandler            
00000981  COMP_E1_IRQHandler            
00000981  CS_IRQHandler                 
00000981  DMA_ERR_IRQHandler            
00000981  DMA_INT0_IRQHandler           
00000981  DMA_INT1_IRQHandler           
00000981  DMA_INT2_IRQHandler           
00000981  DMA_INT3_IRQHandler           
00000981  DebugMon_Handler              
00000981  Default_Handler               
00000981  EUSCIA0_IRQHandler            
00000981  EUSCIA1_IRQHandler            
00000981  EUSCIA2_IRQHandler            
00000981  EUSCIA3_IRQHandler            
00000981  EUSCIB0_IRQHandler            
00000981  EUSCIB1_IRQHandler            
00000981  EUSCIB2_IRQHandler            
00000981  EUSCIB3_IRQHandler            
00000981  FLCTL_IRQHandler              
00000981  FPU_IRQHandler                
00000981  HardFault_Handler             
00000981  MemManage_Handler             
00000981  NMI_Handler                   
00000981  PCM_IRQHandler                
00000981  PORT1_IRQHandler              
00000981  PORT2_IRQHandler              
00000981  PORT3_IRQHandler              
000001e7  PORT4_IRQHandler              
000001e7  PORT4_IRQHandler              
00000981  PORT5_IRQHandler              
00000981  PORT6_IRQHandler              
00000981  PSS_IRQHandler                
00000981  PendSV_Handler                
00000981  RTC_C_IRQHandler              
00000975  Reset_Handler                 
00000981  SVC_Handler                   
00000981  SysTick_Handler               
20000020  SystemCoreClock               
000004a1  SystemCoreClockUpdate         
00000719  SystemInit                    
00000981  T32_INT1_IRQHandler           
00000981  T32_INT2_IRQHandler           
00000981  T32_INTC_IRQHandler           
00000981  TA0_0_IRQHandler              
00000981  TA0_N_IRQHandler              
00000981  TA1_0_IRQHandler              
00000981  TA1_N_IRQHandler              
00000981  TA2_0_IRQHandler              
00000981  TA2_N_IRQHandler              
000001b7  TA3_0_IRQHandler              
000001b7  TA3_0_IRQHandler              
000001c9  TA3_N_IRQHandler              
000001c9  TA3_N_IRQHandler              
00000981  UsageFault_Handler            
4000480c  WDTCTL_SYM                    
00000981  WDT_A_IRQHandler              
20010000  __STACK_END                   
00000200  __STACK_SIZE                  
000009b0  __TI_CINIT_Base               
000009c0  __TI_CINIT_Limit              
00000990  __TI_Handler_Table_Base       
0000099c  __TI_Handler_Table_Limit      
000008d9  __TI_auto_init_nobinit_nopinit
00000871  __TI_decompress_lzss          
00000967  __TI_decompress_none          
ffffffff  __TI_pprof_out_hndl           
ffffffff  __TI_prof_data_size           
ffffffff  __TI_prof_data_start          
00000000  __TI_static_base__            
00000955  __TI_zero_init_nomemset       
000007d5  __aeabi_memcpy                
000007d5  __aeabi_memcpy4               
000007d5  __aeabi_memcpy8               
ffffffff  __binit__                     
ffffffff  __c_args__                    
UNDEFED   __mpu_init                    
2000fe00  __stack                       
0000091d  _c_int00_noargs               
UNDEFED   _system_post_cinit            
00000983  _system_pre_init              
00000987  abort                         
ffffffff  binit                         
000001b5  bump                          
00000000  interruptVectors              
000001ef  main                          
000007d5  memcpy                        
20000000  reflect                       
00000111  timing0                       
0000018f  timing1                       


GLOBAL SYMBOLS: SORTED BY Symbol Address 

address   name                          
-------   ----                          
00000000  __TI_static_base__            
00000000  interruptVectors              
00000111  timing0                       
0000018f  timing1                       
000001b5  bump                          
000001b7  TA3_0_IRQHandler              
000001b7  TA3_0_IRQHandler              
000001c9  TA3_N_IRQHandler              
000001c9  TA3_N_IRQHandler              
000001e7  PORT4_IRQHandler              
000001e7  PORT4_IRQHandler              
000001ef  main                          
00000200  __STACK_SIZE                  
000004a1  SystemCoreClockUpdate         
00000719  SystemInit                    
000007d5  __aeabi_memcpy                
000007d5  __aeabi_memcpy4               
000007d5  __aeabi_memcpy8               
000007d5  memcpy                        
00000871  __TI_decompress_lzss          
000008d9  __TI_auto_init_nobinit_nopinit
0000091d  _c_int00_noargs               
00000955  __TI_zero_init_nomemset       
00000967  __TI_decompress_none          
00000975  Reset_Handler                 
00000981  ADC14_IRQHandler              
00000981  AES256_IRQHandler             
00000981  BusFault_Handler              
00000981  COMP_E0_IRQHandler            
00000981  COMP_E1_IRQHandler            
00000981  CS_IRQHandler                 
00000981  DMA_ERR_IRQHandler            
00000981  DMA_INT0_IRQHandler           
00000981  DMA_INT1_IRQHandler           
00000981  DMA_INT2_IRQHandler           
00000981  DMA_INT3_IRQHandler           
00000981  DebugMon_Handler              
00000981  Default_Handler               
00000981  EUSCIA0_IRQHandler            
00000981  EUSCIA1_IRQHandler            
00000981  EUSCIA2_IRQHandler            
00000981  EUSCIA3_IRQHandler            
00000981  EUSCIB0_IRQHandler            
00000981  EUSCIB1_IRQHandler            
00000981  EUSCIB2_IRQHandler            
00000981  EUSCIB3_IRQHandler            
00000981  FLCTL_IRQHandler              
00000981  FPU_IRQHandler                
00000981  HardFault_Handler             
00000981  MemManage_Handler             
00000981  NMI_Handler                   
00000981  PCM_IRQHandler                
00000981  PORT1_IRQHandler              
00000981  PORT2_IRQHandler              
00000981  PORT3_IRQHandler              
00000981  PORT5_IRQHandler              
00000981  PORT6_IRQHandler              
00000981  PSS_IRQHandler                
00000981  PendSV_Handler                
00000981  RTC_C_IRQHandler              
00000981  SVC_Handler                   
00000981  SysTick_Handler               
00000981  T32_INT1_IRQHandler           
00000981  T32_INT2_IRQHandler           
00000981  T32_INTC_IRQHandler           
00000981  TA0_0_IRQHandler              
00000981  TA0_N_IRQHandler              
00000981  TA1_0_IRQHandler              
00000981  TA1_N_IRQHandler              
00000981  TA2_0_IRQHandler              
00000981  TA2_N_IRQHandler              
00000981  UsageFault_Handler            
00000981  WDT_A_IRQHandler              
00000983  _system_pre_init              
00000987  C$$EXIT                       
00000987  abort                         
00000990  __TI_Handler_Table_Base       
0000099c  __TI_Handler_Table_Limit      
000009b0  __TI_CINIT_Base               
000009c0  __TI_CINIT_Limit              
20000000  reflect                       
20000020  SystemCoreClock               
2000fe00  __stack                       
20010000  __STACK_END                   
4000480c  WDTCTL_SYM                    
ffffffff  __TI_pprof_out_hndl           
ffffffff  __TI_prof_data_size           
ffffffff  __TI_prof_data_start          
ffffffff  __binit__                     
ffffffff  __c_args__                    
ffffffff  binit                         
UNDEFED   __mpu_init                    
UNDEFED   _system_post_cinit            

[93 symbols]
