******************************************************************************
                  TI ARM Linker PC v18.1.3                     
******************************************************************************
>> Linked Thu Oct 25 11:01:20 2018

OUTPUT FILE NAME:   <TI_RSLK_controller_interrupts.out>
ENTRY POINT SYMBOL: "_c_int00_noargs"  address: 00000e05


MEMORY CONFIGURATION

         name            origin    length      used     unused   attr    fill
----------------------  --------  ---------  --------  --------  ----  --------
  MAIN                  00000000   00040000  00000eb2  0003f14e  R  X
  INFO                  00200000   00004000  00000000  00004000  R  X
  SRAM_CODE             01000000   00010000  00000280  0000fd80  RW X
  SRAM_DATA             20000000   00010000  00000280  0000fd80  RW  


SEGMENT ALLOCATION MAP

run origin  load origin   length   init length attrs members
----------  ----------- ---------- ----------- ----- -------
00000000    00000000    00000eb8   00000eb8    r-x
  00000000    00000000    000000e4   000000e4    r-- .intvecs
  000000e4    000000e4    00000d8e   00000d8e    r-x .text
  00000e78    00000e78    00000040   00000040    r-- .cinit
20000000    20000000    00000080   00000000    rw-
  20000000    20000000    00000058   00000000    rw- .data
  20000058    20000058    00000028   00000000    rw- .bss
2000fe00    2000fe00    00000200   00000000    rw-
  2000fe00    2000fe00    00000200   00000000    rw- .stack


SECTION ALLOCATION MAP

 output                                  attributes/
section   page    origin      length       input sections
--------  ----  ----------  ----------   ----------------
.intvecs   0    00000000    000000e4     
                  00000000    000000e4     startup_msp432p401r_ccs.obj (.intvecs:retain)

.text      0    000000e4    00000d8e     
                  000000e4    0000082c     main.obj (.text)
                  00000910    00000334     system_msp432p401r.obj (.text)
                  00000c44    0000009c     rtsv7M4_T_le_v4SPD16_eabi.lib : memcpy_t2.asm.obj (.text)
                  00000ce0    00000068                                   : copy_decompress_lzss.c.obj (.text:decompress:lzss:__TI_decompress_lzss)
                  00000d48    00000044                                   : autoinit.c.obj (.text:__TI_auto_init_nobinit_nopinit:__TI_auto_init_nobinit_nopinit)
                  00000d8c    0000003c     main.obj (.text:setLeftPWM)
                  00000dc8    0000003c     main.obj (.text:setRightPWM)
                  00000e04    00000038     rtsv7M4_T_le_v4SPD16_eabi.lib : boot_cortex_m.c.obj (.text:_c_int00_noargs:_c_int00_noargs)
                  00000e3c    00000012                                   : copy_zero_init.c.obj (.text:decompress:ZI:__TI_zero_init_nomemset:__TI_zero_init_nomemset)
                  00000e4e    0000000e                                   : copy_decompress_none.c.obj (.text:decompress:none:__TI_decompress_none)
                  00000e5c    0000000e     startup_msp432p401r_ccs.obj (.text)
                  00000e6a    00000004     rtsv7M4_T_le_v4SPD16_eabi.lib : pre_init.c.obj (.text:_system_pre_init)
                  00000e6e    00000004                                   : exit.c.obj (.text:abort:abort)

.cinit     0    00000e78    00000040     
                  00000e78    00000018     (.cinit..data.load) [load image, compression = lzss]
                  00000e90    0000000c     (__TI_handler_table)
                  00000e9c    00000004     --HOLE-- [fill = 0]
                  00000ea0    00000008     (.cinit..bss.load) [load image, compression = zero_init]
                  00000ea8    00000010     (__TI_cinit_table)

.init_array 
*          0    00000000    00000000     UNINITIALIZED

.binit     0    00000000    00000000     

.data      0    20000000    00000058     UNINITIALIZED
                  20000000    00000020     main.obj (.data:calibration)
                  20000020    00000020     main.obj (.data:devmax)
                  20000040    00000014     main.obj (.data)
                  20000054    00000004     system_msp432p401r.obj (.data)

.bss       0    20000058    00000028     UNINITIALIZED
                  20000058    00000020     (.common:reflect)
                  20000078    00000004     (.common:PWMleft)
                  2000007c    00000004     (.common:PWMright)

.stack     0    2000fe00    00000200     UNINITIALIZED
                  2000fe00    00000004     rtsv7M4_T_le_v4SPD16_eabi.lib : boot_cortex_m.c.obj (.stack)
                  2000fe04    000001fc     --HOLE--

MODULE SUMMARY

       Module                        code   ro data   rw data
       ------                        ----   -------   -------
    .\
       main.obj                      2212   0         248    
       system_msp432p401r.obj        820    0         8      
       startup_msp432p401r_ccs.obj   14     228       0      
    +--+-----------------------------+------+---------+---------+
       Total:                        3046   228       256    
                                                             
    D:\Programs\ti\ccsv8\tools\compiler\ti-cgt-arm_18.1.3.LTS\lib\rtsv7M4_T_le_v4SPD16_eabi.lib
       memcpy_t2.asm.obj             156    0         0      
       copy_decompress_lzss.c.obj    104    0         0      
       autoinit.c.obj                68     0         0      
       boot_cortex_m.c.obj           56     0         0      
       copy_zero_init.c.obj          18     0         0      
       copy_decompress_none.c.obj    14     0         0      
       exit.c.obj                    4      0         0      
       pre_init.c.obj                4      0         0      
    +--+-----------------------------+------+---------+---------+
       Total:                        424    0         0      
                                                             
       Stack:                        0      0         1024   
       Linker Generated:             0      60        0      
    +--+-----------------------------+------+---------+---------+
       Grand Total:                  3470   288       1280   


LINKER GENERATED COPY TABLES

__TI_cinit_table @ 00000ea8 records: 2, size/record: 8, table size: 16
	.data: load addr=00000e78, load size=00000018 bytes, run addr=20000000, run size=00000058 bytes, compression=lzss
	.bss: load addr=00000ea0, load size=00000008 bytes, run addr=20000058, run size=00000028 bytes, compression=zero_init


LINKER GENERATED HANDLER TABLE

__TI_handler_table @ 00000e90 records: 3, size/record: 4, table size: 12
	index: 0, handler: __TI_decompress_lzss
	index: 1, handler: __TI_decompress_none
	index: 2, handler: __TI_zero_init


GLOBAL SYMBOLS: SORTED ALPHABETICALLY BY Name 

address   name                          
-------   ----                          
00000e69  ADC14_IRQHandler              
00000e69  AES256_IRQHandler             
00000e69  BusFault_Handler              
00000e6f  C$$EXIT                       
00000e69  COMP_E0_IRQHandler            
00000e69  COMP_E1_IRQHandler            
00000e69  CS_IRQHandler                 
00000e69  DMA_ERR_IRQHandler            
00000e69  DMA_INT0_IRQHandler           
00000e69  DMA_INT1_IRQHandler           
00000e69  DMA_INT2_IRQHandler           
00000e69  DMA_INT3_IRQHandler           
00000e69  DebugMon_Handler              
00000e69  Default_Handler               
00000e69  EUSCIA0_IRQHandler            
00000e69  EUSCIA1_IRQHandler            
00000e69  EUSCIA2_IRQHandler            
00000e69  EUSCIA3_IRQHandler            
00000e69  EUSCIB0_IRQHandler            
00000e69  EUSCIB1_IRQHandler            
00000e69  EUSCIB2_IRQHandler            
00000e69  EUSCIB3_IRQHandler            
00000e69  FLCTL_IRQHandler              
00000e69  FPU_IRQHandler                
00000e69  HardFault_Handler             
00000e69  MemManage_Handler             
00000e69  NMI_Handler                   
00000e69  PCM_IRQHandler                
00000e69  PORT1_IRQHandler              
00000e69  PORT2_IRQHandler              
00000e69  PORT3_IRQHandler              
00000553  PORT4_IRQHandler              
00000553  PORT4_IRQHandler              
00000e69  PORT5_IRQHandler              
00000e69  PORT6_IRQHandler              
00000e69  PSS_IRQHandler                
20000078  PWMleft                       
20000040  PWMleft0                      
2000007c  PWMright                      
20000044  PWMright0                     
00000e69  PendSV_Handler                
00000e69  RTC_C_IRQHandler              
00000e5d  Reset_Handler                 
00000e69  SVC_Handler                   
00000e69  SysTick_Handler               
20000054  SystemCoreClock               
00000911  SystemCoreClockUpdate         
00000b89  SystemInit                    
00000e69  T32_INT1_IRQHandler           
00000e69  T32_INT2_IRQHandler           
00000e69  T32_INTC_IRQHandler           
00000e69  TA0_0_IRQHandler              
00000e69  TA0_N_IRQHandler              
00000e69  TA1_0_IRQHandler              
00000e69  TA1_N_IRQHandler              
00000e69  TA2_0_IRQHandler              
00000e69  TA2_N_IRQHandler              
00000531  TA3_0_IRQHandler              
00000531  TA3_0_IRQHandler              
00000543  TA3_N_IRQHandler              
00000543  TA3_N_IRQHandler              
00000e69  UsageFault_Handler            
4000480c  WDTCTL_SYM                    
00000e69  WDT_A_IRQHandler              
20010000  __STACK_END                   
00000200  __STACK_SIZE                  
00000ea8  __TI_CINIT_Base               
00000eb8  __TI_CINIT_Limit              
00000e90  __TI_Handler_Table_Base       
00000e9c  __TI_Handler_Table_Limit      
00000d49  __TI_auto_init_nobinit_nopinit
00000ce1  __TI_decompress_lzss          
00000e4f  __TI_decompress_none          
ffffffff  __TI_pprof_out_hndl           
ffffffff  __TI_prof_data_size           
ffffffff  __TI_prof_data_start          
00000000  __TI_static_base__            
00000e3d  __TI_zero_init_nomemset       
00000c45  __aeabi_memcpy                
00000c45  __aeabi_memcpy4               
00000c45  __aeabi_memcpy8               
ffffffff  __binit__                     
ffffffff  __c_args__                    
UNDEFED   __mpu_init                    
2000fe00  __stack                       
00000e05  _c_int00_noargs               
UNDEFED   _system_post_cinit            
00000e6b  _system_pre_init              
00000e6f  abort                         
ffffffff  binit                         
00000451  bump                          
20000000  calibration                   
20000048  ctlstate                      
2000004c  cycles                        
20000020  devmax                        
00000000  interruptVectors              
00000591  main                          
00000c45  memcpy                        
20000058  reflect                       
00000d8d  setLeftPWM                    
00000dc9  setRightPWM                   
20000050  thresh                        
00000149  timing0                       
000003f1  timing1                       


GLOBAL SYMBOLS: SORTED BY Symbol Address 

address   name                          
-------   ----                          
00000000  __TI_static_base__            
00000000  interruptVectors              
00000149  timing0                       
00000200  __STACK_SIZE                  
000003f1  timing1                       
00000451  bump                          
00000531  TA3_0_IRQHandler              
00000531  TA3_0_IRQHandler              
00000543  TA3_N_IRQHandler              
00000543  TA3_N_IRQHandler              
00000553  PORT4_IRQHandler              
00000553  PORT4_IRQHandler              
00000591  main                          
00000911  SystemCoreClockUpdate         
00000b89  SystemInit                    
00000c45  __aeabi_memcpy                
00000c45  __aeabi_memcpy4               
00000c45  __aeabi_memcpy8               
00000c45  memcpy                        
00000ce1  __TI_decompress_lzss          
00000d49  __TI_auto_init_nobinit_nopinit
00000d8d  setLeftPWM                    
00000dc9  setRightPWM                   
00000e05  _c_int00_noargs               
00000e3d  __TI_zero_init_nomemset       
00000e4f  __TI_decompress_none          
00000e5d  Reset_Handler                 
00000e69  ADC14_IRQHandler              
00000e69  AES256_IRQHandler             
00000e69  BusFault_Handler              
00000e69  COMP_E0_IRQHandler            
00000e69  COMP_E1_IRQHandler            
00000e69  CS_IRQHandler                 
00000e69  DMA_ERR_IRQHandler            
00000e69  DMA_INT0_IRQHandler           
00000e69  DMA_INT1_IRQHandler           
00000e69  DMA_INT2_IRQHandler           
00000e69  DMA_INT3_IRQHandler           
00000e69  DebugMon_Handler              
00000e69  Default_Handler               
00000e69  EUSCIA0_IRQHandler            
00000e69  EUSCIA1_IRQHandler            
00000e69  EUSCIA2_IRQHandler            
00000e69  EUSCIA3_IRQHandler            
00000e69  EUSCIB0_IRQHandler            
00000e69  EUSCIB1_IRQHandler            
00000e69  EUSCIB2_IRQHandler            
00000e69  EUSCIB3_IRQHandler            
00000e69  FLCTL_IRQHandler              
00000e69  FPU_IRQHandler                
00000e69  HardFault_Handler             
00000e69  MemManage_Handler             
00000e69  NMI_Handler                   
00000e69  PCM_IRQHandler                
00000e69  PORT1_IRQHandler              
00000e69  PORT2_IRQHandler              
00000e69  PORT3_IRQHandler              
00000e69  PORT5_IRQHandler              
00000e69  PORT6_IRQHandler              
00000e69  PSS_IRQHandler                
00000e69  PendSV_Handler                
00000e69  RTC_C_IRQHandler              
00000e69  SVC_Handler                   
00000e69  SysTick_Handler               
00000e69  T32_INT1_IRQHandler           
00000e69  T32_INT2_IRQHandler           
00000e69  T32_INTC_IRQHandler           
00000e69  TA0_0_IRQHandler              
00000e69  TA0_N_IRQHandler              
00000e69  TA1_0_IRQHandler              
00000e69  TA1_N_IRQHandler              
00000e69  TA2_0_IRQHandler              
00000e69  TA2_N_IRQHandler              
00000e69  UsageFault_Handler            
00000e69  WDT_A_IRQHandler              
00000e6b  _system_pre_init              
00000e6f  C$$EXIT                       
00000e6f  abort                         
00000e90  __TI_Handler_Table_Base       
00000e9c  __TI_Handler_Table_Limit      
00000ea8  __TI_CINIT_Base               
00000eb8  __TI_CINIT_Limit              
20000000  calibration                   
20000020  devmax                        
20000040  PWMleft0                      
20000044  PWMright0                     
20000048  ctlstate                      
2000004c  cycles                        
20000050  thresh                        
20000054  SystemCoreClock               
20000058  reflect                       
20000078  PWMleft                       
2000007c  PWMright                      
2000fe00  __stack                       
20010000  __STACK_END                   
4000480c  WDTCTL_SYM                    
ffffffff  __TI_pprof_out_hndl           
ffffffff  __TI_prof_data_size           
ffffffff  __TI_prof_data_start          
ffffffff  __binit__                     
ffffffff  __c_args__                    
ffffffff  binit                         
UNDEFED   __mpu_init                    
UNDEFED   _system_post_cinit            

[104 symbols]
