******************************************************************************
                  TI ARM Linker PC v18.1.3                     
******************************************************************************
>> Linked Wed Oct 24 21:47:50 2018

OUTPUT FILE NAME:   <TI_RSLK_controller_interrupts.out>
ENTRY POINT SYMBOL: "_c_int00_noargs"  address: 00000ae9


MEMORY CONFIGURATION

         name            origin    length      used     unused   attr    fill
----------------------  --------  ---------  --------  --------  ----  --------
  MAIN                  00000000   00040000  00000b9e  0003f462  R  X
  INFO                  00200000   00004000  00000000  00004000  R  X
  SRAM_CODE             01000000   00010000  00000268  0000fd98  RW X
  SRAM_DATA             20000000   00010000  00000268  0000fd98  RW  


SEGMENT ALLOCATION MAP

run origin  load origin   length   init length attrs members
----------  ----------- ---------- ----------- ----- -------
00000000    00000000    00000ba0   00000ba0    r-x
  00000000    00000000    000000e4   000000e4    r-- .intvecs
  000000e4    000000e4    00000a72   00000a72    r-x .text
  00000b58    00000b58    00000048   00000048    r-- .cinit
20000000    20000000    00000068   00000000    rw-
  20000000    20000000    00000040   00000000    rw- .data
  20000040    20000040    00000028   00000000    rw- .bss
2000fe00    2000fe00    00000200   00000000    rw-
  2000fe00    2000fe00    00000200   00000000    rw- .stack


SECTION ALLOCATION MAP

 output                                  attributes/
section   page    origin      length       input sections
--------  ----  ----------  ----------   ----------------
.intvecs   0    00000000    000000e4     
                  00000000    000000e4     startup_msp432p401r_ccs.obj (.intvecs:retain)

.text      0    000000e4    00000a72     
                  000000e4    00000510     main.obj (.text)
                  000005f4    00000334     system_msp432p401r.obj (.text)
                  00000928    0000009c     rtsv7M4_T_le_v4SPD16_eabi.lib : memcpy_t2.asm.obj (.text)
                  000009c4    00000068                                   : copy_decompress_lzss.c.obj (.text:decompress:lzss:__TI_decompress_lzss)
                  00000a2c    00000044                                   : autoinit.c.obj (.text:__TI_auto_init_nobinit_nopinit:__TI_auto_init_nobinit_nopinit)
                  00000a70    0000003c     main.obj (.text:setLeftPWM)
                  00000aac    0000003c     main.obj (.text:setRightPWM)
                  00000ae8    00000038     rtsv7M4_T_le_v4SPD16_eabi.lib : boot_cortex_m.c.obj (.text:_c_int00_noargs:_c_int00_noargs)
                  00000b20    00000012                                   : copy_zero_init.c.obj (.text:decompress:ZI:__TI_zero_init_nomemset:__TI_zero_init_nomemset)
                  00000b32    0000000e                                   : copy_decompress_none.c.obj (.text:decompress:none:__TI_decompress_none)
                  00000b40    0000000e     startup_msp432p401r_ccs.obj (.text)
                  00000b4e    00000004     rtsv7M4_T_le_v4SPD16_eabi.lib : pre_init.c.obj (.text:_system_pre_init)
                  00000b52    00000004                                   : exit.c.obj (.text:abort:abort)

.cinit     0    00000b58    00000048     
                  00000b58    00000021     (.cinit..data.load) [load image, compression = lzss]
                  00000b79    00000003     --HOLE-- [fill = 0]
                  00000b7c    0000000c     (__TI_handler_table)
                  00000b88    00000008     (.cinit..bss.load) [load image, compression = zero_init]
                  00000b90    00000010     (__TI_cinit_table)

.init_array 
*          0    00000000    00000000     UNINITIALIZED

.binit     0    00000000    00000000     

.data      0    20000000    00000040     UNINITIALIZED
                  20000000    00000020     main.obj (.data:calibration)
                  20000020    0000001c     main.obj (.data)
                  2000003c    00000004     system_msp432p401r.obj (.data)

.bss       0    20000040    00000028     UNINITIALIZED
                  20000040    00000020     (.common:reflect)
                  20000060    00000004     (.common:PWMleft)
                  20000064    00000004     (.common:PWMright)

.stack     0    2000fe00    00000200     UNINITIALIZED
                  2000fe00    00000004     rtsv7M4_T_le_v4SPD16_eabi.lib : boot_cortex_m.c.obj (.stack)
                  2000fe04    000001fc     --HOLE--

MODULE SUMMARY

       Module                        code   ro data   rw data
       ------                        ----   -------   -------
    .\
       main.obj                      1416   0         200    
       system_msp432p401r.obj        820    0         8      
       startup_msp432p401r_ccs.obj   14     228       0      
    +--+-----------------------------+------+---------+---------+
       Total:                        2250   228       208    
                                                             
    D:\Programs\ti\ccsv8\tools\compiler\ti-cgt-arm_18.1.3.LTS\lib\rtsv7M4_T_le_v4SPD16_eabi.lib
       memcpy_t2.asm.obj             156    0         0      
       copy_decompress_lzss.c.obj    104    0         0      
       autoinit.c.obj                68     0         0      
       boot_cortex_m.c.obj           56     0         0      
       copy_zero_init.c.obj          18     0         0      
       copy_decompress_none.c.obj    14     0         0      
       exit.c.obj                    4      0         0      
       pre_init.c.obj                4      0         0      
    +--+-----------------------------+------+---------+---------+
       Total:                        424    0         0      
                                                             
       Stack:                        0      0         1024   
       Linker Generated:             0      69        0      
    +--+-----------------------------+------+---------+---------+
       Grand Total:                  2674   297       1232   


LINKER GENERATED COPY TABLES

__TI_cinit_table @ 00000b90 records: 2, size/record: 8, table size: 16
	.data: load addr=00000b58, load size=00000021 bytes, run addr=20000000, run size=00000040 bytes, compression=lzss
	.bss: load addr=00000b88, load size=00000008 bytes, run addr=20000040, run size=00000028 bytes, compression=zero_init


LINKER GENERATED HANDLER TABLE

__TI_handler_table @ 00000b7c records: 3, size/record: 4, table size: 12
	index: 0, handler: __TI_decompress_lzss
	index: 1, handler: __TI_decompress_none
	index: 2, handler: __TI_zero_init


GLOBAL SYMBOLS: SORTED ALPHABETICALLY BY Name 

address   name                          
-------   ----                          
00000b4d  ADC14_IRQHandler              
00000b4d  AES256_IRQHandler             
00000b4d  BusFault_Handler              
00000b53  C$$EXIT                       
00000b4d  COMP_E0_IRQHandler            
00000b4d  COMP_E1_IRQHandler            
00000b4d  CS_IRQHandler                 
00000b4d  DMA_ERR_IRQHandler            
00000b4d  DMA_INT0_IRQHandler           
00000b4d  DMA_INT1_IRQHandler           
00000b4d  DMA_INT2_IRQHandler           
00000b4d  DMA_INT3_IRQHandler           
00000b4d  DebugMon_Handler              
00000b4d  Default_Handler               
00000b4d  EUSCIA0_IRQHandler            
00000b4d  EUSCIA1_IRQHandler            
00000b4d  EUSCIA2_IRQHandler            
00000b4d  EUSCIA3_IRQHandler            
00000b4d  EUSCIB0_IRQHandler            
00000b4d  EUSCIB1_IRQHandler            
00000b4d  EUSCIB2_IRQHandler            
00000b4d  EUSCIB3_IRQHandler            
00000b4d  FLCTL_IRQHandler              
00000b4d  FPU_IRQHandler                
00000b4d  HardFault_Handler             
00000b4d  MemManage_Handler             
00000b4d  NMI_Handler                   
00000b4d  PCM_IRQHandler                
00000b4d  PORT1_IRQHandler              
00000b4d  PORT2_IRQHandler              
00000b4d  PORT3_IRQHandler              
000002bd  PORT4_IRQHandler              
000002bd  PORT4_IRQHandler              
00000b4d  PORT5_IRQHandler              
00000b4d  PORT6_IRQHandler              
00000b4d  PSS_IRQHandler                
20000060  PWMleft                       
2000002c  PWMleft0                      
20000064  PWMright                      
20000030  PWMright0                     
00000b4d  PendSV_Handler                
00000b4d  RTC_C_IRQHandler              
00000b41  Reset_Handler                 
00000b4d  SVC_Handler                   
00000b4d  SysTick_Handler               
2000003c  SystemCoreClock               
000005f5  SystemCoreClockUpdate         
0000086d  SystemInit                    
00000b4d  T32_INT1_IRQHandler           
00000b4d  T32_INT2_IRQHandler           
00000b4d  T32_INTC_IRQHandler           
00000b4d  TA0_0_IRQHandler              
00000b4d  TA0_N_IRQHandler              
00000b4d  TA1_0_IRQHandler              
00000b4d  TA1_N_IRQHandler              
00000b4d  TA2_0_IRQHandler              
00000b4d  TA2_N_IRQHandler              
0000029b  TA3_0_IRQHandler              
0000029b  TA3_0_IRQHandler              
000002ad  TA3_N_IRQHandler              
000002ad  TA3_N_IRQHandler              
00000b4d  UsageFault_Handler            
4000480c  WDTCTL_SYM                    
00000b4d  WDT_A_IRQHandler              
20010000  __STACK_END                   
00000200  __STACK_SIZE                  
00000b90  __TI_CINIT_Base               
00000ba0  __TI_CINIT_Limit              
00000b7c  __TI_Handler_Table_Base       
00000b88  __TI_Handler_Table_Limit      
00000a2d  __TI_auto_init_nobinit_nopinit
000009c5  __TI_decompress_lzss          
00000b33  __TI_decompress_none          
ffffffff  __TI_pprof_out_hndl           
ffffffff  __TI_prof_data_size           
ffffffff  __TI_prof_data_start          
00000000  __TI_static_base__            
00000b21  __TI_zero_init_nomemset       
00000929  __aeabi_memcpy                
00000929  __aeabi_memcpy4               
00000929  __aeabi_memcpy8               
ffffffff  __binit__                     
ffffffff  __c_args__                    
UNDEFED   __mpu_init                    
2000fe00  __stack                       
00000ae9  _c_int00_noargs               
UNDEFED   _system_post_cinit            
00000b4f  _system_pre_init              
00000b53  abort                         
ffffffff  binit                         
20000000  calibration                   
20000038  cycles                        
00000000  interruptVectors              
000002cd  main                          
00000929  memcpy                        
20000040  reflect                       
00000a71  setLeftPWM                    
00000aad  setRightPWM                   
20000020  systick_control_reg           
20000028  systick_current_value_reg     
20000024  systick_reload_value_reg      
20000034  thresh                        
00000111  timing0                       
00000261  timing1                       


GLOBAL SYMBOLS: SORTED BY Symbol Address 

address   name                          
-------   ----                          
00000000  __TI_static_base__            
00000000  interruptVectors              
00000111  timing0                       
00000200  __STACK_SIZE                  
00000261  timing1                       
0000029b  TA3_0_IRQHandler              
0000029b  TA3_0_IRQHandler              
000002ad  TA3_N_IRQHandler              
000002ad  TA3_N_IRQHandler              
000002bd  PORT4_IRQHandler              
000002bd  PORT4_IRQHandler              
000002cd  main                          
000005f5  SystemCoreClockUpdate         
0000086d  SystemInit                    
00000929  __aeabi_memcpy                
00000929  __aeabi_memcpy4               
00000929  __aeabi_memcpy8               
00000929  memcpy                        
000009c5  __TI_decompress_lzss          
00000a2d  __TI_auto_init_nobinit_nopinit
00000a71  setLeftPWM                    
00000aad  setRightPWM                   
00000ae9  _c_int00_noargs               
00000b21  __TI_zero_init_nomemset       
00000b33  __TI_decompress_none          
00000b41  Reset_Handler                 
00000b4d  ADC14_IRQHandler              
00000b4d  AES256_IRQHandler             
00000b4d  BusFault_Handler              
00000b4d  COMP_E0_IRQHandler            
00000b4d  COMP_E1_IRQHandler            
00000b4d  CS_IRQHandler                 
00000b4d  DMA_ERR_IRQHandler            
00000b4d  DMA_INT0_IRQHandler           
00000b4d  DMA_INT1_IRQHandler           
00000b4d  DMA_INT2_IRQHandler           
00000b4d  DMA_INT3_IRQHandler           
00000b4d  DebugMon_Handler              
00000b4d  Default_Handler               
00000b4d  EUSCIA0_IRQHandler            
00000b4d  EUSCIA1_IRQHandler            
00000b4d  EUSCIA2_IRQHandler            
00000b4d  EUSCIA3_IRQHandler            
00000b4d  EUSCIB0_IRQHandler            
00000b4d  EUSCIB1_IRQHandler            
00000b4d  EUSCIB2_IRQHandler            
00000b4d  EUSCIB3_IRQHandler            
00000b4d  FLCTL_IRQHandler              
00000b4d  FPU_IRQHandler                
00000b4d  HardFault_Handler             
00000b4d  MemManage_Handler             
00000b4d  NMI_Handler                   
00000b4d  PCM_IRQHandler                
00000b4d  PORT1_IRQHandler              
00000b4d  PORT2_IRQHandler              
00000b4d  PORT3_IRQHandler              
00000b4d  PORT5_IRQHandler              
00000b4d  PORT6_IRQHandler              
00000b4d  PSS_IRQHandler                
00000b4d  PendSV_Handler                
00000b4d  RTC_C_IRQHandler              
00000b4d  SVC_Handler                   
00000b4d  SysTick_Handler               
00000b4d  T32_INT1_IRQHandler           
00000b4d  T32_INT2_IRQHandler           
00000b4d  T32_INTC_IRQHandler           
00000b4d  TA0_0_IRQHandler              
00000b4d  TA0_N_IRQHandler              
00000b4d  TA1_0_IRQHandler              
00000b4d  TA1_N_IRQHandler              
00000b4d  TA2_0_IRQHandler              
00000b4d  TA2_N_IRQHandler              
00000b4d  UsageFault_Handler            
00000b4d  WDT_A_IRQHandler              
00000b4f  _system_pre_init              
00000b53  C$$EXIT                       
00000b53  abort                         
00000b7c  __TI_Handler_Table_Base       
00000b88  __TI_Handler_Table_Limit      
00000b90  __TI_CINIT_Base               
00000ba0  __TI_CINIT_Limit              
20000000  calibration                   
20000020  systick_control_reg           
20000024  systick_reload_value_reg      
20000028  systick_current_value_reg     
2000002c  PWMleft0                      
20000030  PWMright0                     
20000034  thresh                        
20000038  cycles                        
2000003c  SystemCoreClock               
20000040  reflect                       
20000060  PWMleft                       
20000064  PWMright                      
2000fe00  __stack                       
20010000  __STACK_END                   
4000480c  WDTCTL_SYM                    
ffffffff  __TI_pprof_out_hndl           
ffffffff  __TI_prof_data_size           
ffffffff  __TI_prof_data_start          
ffffffff  __binit__                     
ffffffff  __c_args__                    
ffffffff  binit                         
UNDEFED   __mpu_init                    
UNDEFED   _system_post_cinit            

[104 symbols]
